Archive member included to satisfy reference by file (symbol)

e:/st/stm32cubeide_1.11.0/stm32cubeide/plugins/com.st.stm32cube.ide.mcu.externaltools.gnu-tools-for-stm32.10.3-2021.10.win32_1.0.100.202210260954/tools/bin/../lib/gcc/arm-none-eabi/10.3.1/../../../../arm-none-eabi/lib/thumb/v7-m/nofp\libc_nano.a(lib_a-errno.o)
                              ./Core/Src/syscalls.o (__errno)
e:/st/stm32cubeide_1.11.0/stm32cubeide/plugins/com.st.stm32cube.ide.mcu.externaltools.gnu-tools-for-stm32.10.3-2021.10.win32_1.0.100.202210260954/tools/bin/../lib/gcc/arm-none-eabi/10.3.1/../../../../arm-none-eabi/lib/thumb/v7-m/nofp\libc_nano.a(lib_a-exit.o)
                              e:/st/stm32cubeide_1.11.0/stm32cubeide/plugins/com.st.stm32cube.ide.mcu.externaltools.gnu-tools-for-stm32.10.3-2021.10.win32_1.0.100.202210260954/tools/bin/../lib/gcc/arm-none-eabi/10.3.1/../../../../arm-none-eabi/lib/thumb/v7-m/nofp/crt0.o (exit)
e:/st/stm32cubeide_1.11.0/stm32cubeide/plugins/com.st.stm32cube.ide.mcu.externaltools.gnu-tools-for-stm32.10.3-2021.10.win32_1.0.100.202210260954/tools/bin/../lib/gcc/arm-none-eabi/10.3.1/../../../../arm-none-eabi/lib/thumb/v7-m/nofp\libc_nano.a(lib_a-impure.o)
                              e:/st/stm32cubeide_1.11.0/stm32cubeide/plugins/com.st.stm32cube.ide.mcu.externaltools.gnu-tools-for-stm32.10.3-2021.10.win32_1.0.100.202210260954/tools/bin/../lib/gcc/arm-none-eabi/10.3.1/../../../../arm-none-eabi/lib/thumb/v7-m/nofp\libc_nano.a(lib_a-exit.o) (_global_impure_ptr)
e:/st/stm32cubeide_1.11.0/stm32cubeide/plugins/com.st.stm32cube.ide.mcu.externaltools.gnu-tools-for-stm32.10.3-2021.10.win32_1.0.100.202210260954/tools/bin/../lib/gcc/arm-none-eabi/10.3.1/../../../../arm-none-eabi/lib/thumb/v7-m/nofp\libc_nano.a(lib_a-init.o)
                              e:/st/stm32cubeide_1.11.0/stm32cubeide/plugins/com.st.stm32cube.ide.mcu.externaltools.gnu-tools-for-stm32.10.3-2021.10.win32_1.0.100.202210260954/tools/bin/../lib/gcc/arm-none-eabi/10.3.1/../../../../arm-none-eabi/lib/thumb/v7-m/nofp/crt0.o (__libc_init_array)
e:/st/stm32cubeide_1.11.0/stm32cubeide/plugins/com.st.stm32cube.ide.mcu.externaltools.gnu-tools-for-stm32.10.3-2021.10.win32_1.0.100.202210260954/tools/bin/../lib/gcc/arm-none-eabi/10.3.1/../../../../arm-none-eabi/lib/thumb/v7-m/nofp\libc_nano.a(lib_a-memset.o)
                              e:/st/stm32cubeide_1.11.0/stm32cubeide/plugins/com.st.stm32cube.ide.mcu.externaltools.gnu-tools-for-stm32.10.3-2021.10.win32_1.0.100.202210260954/tools/bin/../lib/gcc/arm-none-eabi/10.3.1/../../../../arm-none-eabi/lib/thumb/v7-m/nofp/crt0.o (memset)

Discarded input sections

 .text          0x0000000000000000        0x0 e:/st/stm32cubeide_1.11.0/stm32cubeide/plugins/com.st.stm32cube.ide.mcu.externaltools.gnu-tools-for-stm32.10.3-2021.10.win32_1.0.100.202210260954/tools/bin/../lib/gcc/arm-none-eabi/10.3.1/thumb/v7-m/nofp/crti.o
 .data          0x0000000000000000        0x0 e:/st/stm32cubeide_1.11.0/stm32cubeide/plugins/com.st.stm32cube.ide.mcu.externaltools.gnu-tools-for-stm32.10.3-2021.10.win32_1.0.100.202210260954/tools/bin/../lib/gcc/arm-none-eabi/10.3.1/thumb/v7-m/nofp/crti.o
 .bss           0x0000000000000000        0x0 e:/st/stm32cubeide_1.11.0/stm32cubeide/plugins/com.st.stm32cube.ide.mcu.externaltools.gnu-tools-for-stm32.10.3-2021.10.win32_1.0.100.202210260954/tools/bin/../lib/gcc/arm-none-eabi/10.3.1/thumb/v7-m/nofp/crti.o
 .data          0x0000000000000000        0x4 e:/st/stm32cubeide_1.11.0/stm32cubeide/plugins/com.st.stm32cube.ide.mcu.externaltools.gnu-tools-for-stm32.10.3-2021.10.win32_1.0.100.202210260954/tools/bin/../lib/gcc/arm-none-eabi/10.3.1/thumb/v7-m/nofp/crtbegin.o
 .rodata        0x0000000000000000       0x24 e:/st/stm32cubeide_1.11.0/stm32cubeide/plugins/com.st.stm32cube.ide.mcu.externaltools.gnu-tools-for-stm32.10.3-2021.10.win32_1.0.100.202210260954/tools/bin/../lib/gcc/arm-none-eabi/10.3.1/thumb/v7-m/nofp/crtbegin.o
 .text          0x0000000000000000       0x7c e:/st/stm32cubeide_1.11.0/stm32cubeide/plugins/com.st.stm32cube.ide.mcu.externaltools.gnu-tools-for-stm32.10.3-2021.10.win32_1.0.100.202210260954/tools/bin/../lib/gcc/arm-none-eabi/10.3.1/../../../../arm-none-eabi/lib/thumb/v7-m/nofp/crt0.o
 .data          0x0000000000000000        0x0 e:/st/stm32cubeide_1.11.0/stm32cubeide/plugins/com.st.stm32cube.ide.mcu.externaltools.gnu-tools-for-stm32.10.3-2021.10.win32_1.0.100.202210260954/tools/bin/../lib/gcc/arm-none-eabi/10.3.1/../../../../arm-none-eabi/lib/thumb/v7-m/nofp/crt0.o
 .bss           0x0000000000000000        0x0 e:/st/stm32cubeide_1.11.0/stm32cubeide/plugins/com.st.stm32cube.ide.mcu.externaltools.gnu-tools-for-stm32.10.3-2021.10.win32_1.0.100.202210260954/tools/bin/../lib/gcc/arm-none-eabi/10.3.1/../../../../arm-none-eabi/lib/thumb/v7-m/nofp/crt0.o
[...]
Memory Configuration

Name             Origin             Length             Attributes
RAM              0x0000000020000000 0x0000000000002800 xrw
FLASH            0x0000000008000000 0x0000000000008000 xr
*default*        0x0000000000000000 0xffffffffffffffff

Linker script and memory map

LOAD e:/st/stm32cubeide_1.11.0/stm32cubeide/plugins/com.st.stm32cube.ide.mcu.externaltools.gnu-tools-for-stm32.10.3-2021.10.win32_1.0.100.202210260954/tools/bin/../lib/gcc/arm-none-eabi/10.3.1/thumb/v7-m/nofp/crti.o
LOAD e:/st/stm32cubeide_1.11.0/stm32cubeide/plugins/com.st.stm32cube.ide.mcu.externaltools.gnu-tools-for-stm32.10.3-2021.10.win32_1.0.100.202210260954/tools/bin/../lib/gcc/arm-none-eabi/10.3.1/thumb/v7-m/nofp/crtbegin.o
LOAD e:/st/stm32cubeide_1.11.0/stm32cubeide/plugins/com.st.stm32cube.ide.mcu.externaltools.gnu-tools-for-stm32.10.3-2021.10.win32_1.0.100.202210260954/tools/bin/../lib/gcc/arm-none-eabi/10.3.1/../../../../arm-none-eabi/lib/thumb/v7-m/nofp/crt0.o
LOAD ./Core/Src/AS5600.o
LOAD ./Core/Src/main.o
LOAD ./Core/Src/stm32f1xx_hal_msp.o
LOAD ./Core/Src/stm32f1xx_it.o
LOAD ./Core/Src/syscalls.o
LOAD ./Core/Src/sysmem.o
LOAD ./Core/Src/system_stm32f1xx.o
LOAD ./Core/Src/wheel.o
LOAD ./Core/Startup/startup_stm32f103c6tx.o
LOAD ./Drivers/STM32F1xx_HAL_Driver/Src/stm32f1xx_hal.o
LOAD ./Drivers/STM32F1xx_HAL_Driver/Src/stm32f1xx_hal_adc.o
LOAD ./Drivers/STM32F1xx_HAL_Driver/Src/stm32f1xx_hal_adc_ex.o
LOAD ./Drivers/STM32F1xx_HAL_Driver/Src/stm32f1xx_hal_cortex.o
LOAD ./Drivers/STM32F1xx_HAL_Driver/Src/stm32f1xx_hal_dma.o
LOAD ./Drivers/STM32F1xx_HAL_Driver/Src/stm32f1xx_hal_exti.o
LOAD ./Drivers/STM32F1xx_HAL_Driver/Src/stm32f1xx_hal_flash.o
LOAD ./Drivers/STM32F1xx_HAL_Driver/Src/stm32f1xx_hal_flash_ex.o
LOAD ./Drivers/STM32F1xx_HAL_Driver/Src/stm32f1xx_hal_gpio.o
LOAD ./Drivers/STM32F1xx_HAL_Driver/Src/stm32f1xx_hal_gpio_ex.o
LOAD ./Drivers/STM32F1xx_HAL_Driver/Src/stm32f1xx_hal_i2c.o
LOAD ./Drivers/STM32F1xx_HAL_Driver/Src/stm32f1xx_hal_pcd.o
LOAD ./Drivers/STM32F1xx_HAL_Driver/Src/stm32f1xx_hal_pcd_ex.o
LOAD ./Drivers/STM32F1xx_HAL_Driver/Src/stm32f1xx_hal_pwr.o
LOAD ./Drivers/STM32F1xx_HAL_Driver/Src/stm32f1xx_hal_rcc.o
LOAD ./Drivers/STM32F1xx_HAL_Driver/Src/stm32f1xx_hal_rcc_ex.o
LOAD ./Drivers/STM32F1xx_HAL_Driver/Src/stm32f1xx_hal_tim.o
LOAD ./Drivers/STM32F1xx_HAL_Driver/Src/stm32f1xx_hal_tim_ex.o
LOAD ./Drivers/STM32F1xx_HAL_Driver/Src/stm32f1xx_ll_usb.o
LOAD ./Middlewares/ST/STM32_USB_Device_Library/Class/HID/Src/usbd_hid.o
LOAD ./Middlewares/ST/STM32_USB_Device_Library/Core/Src/usbd_core.o
LOAD ./Middlewares/ST/STM32_USB_Device_Library/Core/Src/usbd_ctlreq.o
LOAD ./Middlewares/ST/STM32_USB_Device_Library/Core/Src/usbd_ioreq.o
LOAD ./USB_DEVICE/App/usb_device.o
LOAD ./USB_DEVICE/App/usbd_desc.o
LOAD ./USB_DEVICE/Target/usbd_conf.o
START GROUP
LOAD e:/st/stm32cubeide_1.11.0/stm32cubeide/plugins/com.st.stm32cube.ide.mcu.externaltools.gnu-tools-for-stm32.10.3-2021.10.win32_1.0.100.202210260954/tools/bin/../lib/gcc/arm-none-eabi/10.3.1/../../../../arm-none-eabi/lib/thumb/v7-m/nofp\libc_nano.a
LOAD e:/st/stm32cubeide_1.11.0/stm32cubeide/plugins/com.st.stm32cube.ide.mcu.externaltools.gnu-tools-for-stm32.10.3-2021.10.win32_1.0.100.202210260954/tools/bin/../lib/gcc/arm-none-eabi/10.3.1/../../../../arm-none-eabi/lib/thumb/v7-m/nofp\libm.a
END GROUP
START GROUP
LOAD e:/st/stm32cubeide_1.11.0/stm32cubeide/plugins/com.st.stm32cube.ide.mcu.externaltools.gnu-tools-for-stm32.10.3-2021.10.win32_1.0.100.202210260954/tools/bin/../lib/gcc/arm-none-eabi/10.3.1/thumb/v7-m/nofp\libgcc.a
LOAD e:/st/stm32cubeide_1.11.0/stm32cubeide/plugins/com.st.stm32cube.ide.mcu.externaltools.gnu-tools-for-stm32.10.3-2021.10.win32_1.0.100.202210260954/tools/bin/../lib/gcc/arm-none-eabi/10.3.1/../../../../arm-none-eabi/lib/thumb/v7-m/nofp\libc_nano.a
END GROUP
START GROUP
LOAD e:/st/stm32cubeide_1.11.0/stm32cubeide/plugins/com.st.stm32cube.ide.mcu.externaltools.gnu-tools-for-stm32.10.3-2021.10.win32_1.0.100.202210260954/tools/bin/../lib/gcc/arm-none-eabi/10.3.1/thumb/v7-m/nofp\libgcc.a
LOAD e:/st/stm32cubeide_1.11.0/stm32cubeide/plugins/com.st.stm32cube.ide.mcu.externaltools.gnu-tools-for-stm32.10.3-2021.10.win32_1.0.100.202210260954/tools/bin/../lib/gcc/arm-none-eabi/10.3.1/../../../../arm-none-eabi/lib/thumb/v7-m/nofp\libc_nano.a
LOAD e:/st/stm32cubeide_1.11.0/stm32cubeide/plugins/com.st.stm32cube.ide.mcu.externaltools.gnu-tools-for-stm32.10.3-2021.10.win32_1.0.100.202210260954/tools/bin/../lib/gcc/arm-none-eabi/10.3.1/../../../../arm-none-eabi/lib/thumb/v7-m/nofp\libnosys.a
END GROUP
START GROUP
LOAD e:/st/stm32cubeide_1.11.0/stm32cubeide/plugins/com.st.stm32cube.ide.mcu.externaltools.gnu-tools-for-stm32.10.3-2021.10.win32_1.0.100.202210260954/tools/bin/../lib/gcc/arm-none-eabi/10.3.1/thumb/v7-m/nofp\libgcc.a
LOAD e:/st/stm32cubeide_1.11.0/stm32cubeide/plugins/com.st.stm32cube.ide.mcu.externaltools.gnu-tools-for-stm32.10.3-2021.10.win32_1.0.100.202210260954/tools/bin/../lib/gcc/arm-none-eabi/10.3.1/../../../../arm-none-eabi/lib/thumb/v7-m/nofp\libc_nano.a
LOAD e:/st/stm32cubeide_1.11.0/stm32cubeide/plugins/com.st.stm32cube.ide.mcu.externaltools.gnu-tools-for-stm32.10.3-2021.10.win32_1.0.100.202210260954/tools/bin/../lib/gcc/arm-none-eabi/10.3.1/../../../../arm-none-eabi/lib/thumb/v7-m/nofp\libnosys.a
END GROUP
LOAD e:/st/stm32cubeide_1.11.0/stm32cubeide/plugins/com.st.stm32cube.ide.mcu.externaltools.gnu-tools-for-stm32.10.3-2021.10.win32_1.0.100.202210260954/tools/bin/../lib/gcc/arm-none-eabi/10.3.1/thumb/v7-m/nofp/crtend.o
LOAD e:/st/stm32cubeide_1.11.0/stm32cubeide/plugins/com.st.stm32cube.ide.mcu.externaltools.gnu-tools-for-stm32.10.3-2021.10.win32_1.0.100.202210260954/tools/bin/../lib/gcc/arm-none-eabi/10.3.1/thumb/v7-m/nofp/crtn.o
                0x0000000020002800                _estack = (ORIGIN (RAM) + LENGTH (RAM))
                0x0000000000000200                _Min_Heap_Size = 0x200
                0x0000000000000400                _Min_Stack_Size = 0x400

.isr_vector     0x0000000008000000      0x10c
                0x0000000008000000                . = ALIGN (0x4)
 *(.isr_vector)
 .isr_vector    0x0000000008000000      0x10c ./Core/Startup/startup_stm32f103c6tx.o
                0x0000000008000000                g_pfnVectors
                0x000000000800010c                . = ALIGN (0x4)

.text           0x000000000800010c     0x378c
                0x000000000800010c                . = ALIGN (0x4)
 *(.text)
 .text          0x000000000800010c       0x40 e:/st/stm32cubeide_1.11.0/stm32cubeide/plugins/com.st.stm32cube.ide.mcu.externaltools.gnu-tools-for-stm32.10.3-2021.10.win32_1.0.100.202210260954/tools/bin/../lib/gcc/arm-none-eabi/10.3.1/thumb/v7-m/nofp/crtbegin.o
 *(.text*)
 .text.SystemClock_Config
                0x000000000800014c       0x86 ./Core/Src/main.o
                0x000000000800014c                SystemClock_Config
 *fill*         0x00000000080001d2        0x2 
 .text.startup.main
                0x00000000080001d4      0x188 ./Core/Src/main.o
                0x00000000080001d4                main
 .text.Error_Handler
                0x000000000800035c        0x4 ./Core/Src/main.o
                0x000000000800035c                Error_Handler
 .text.HAL_MspInit
                0x0000000008000360       0x30 ./Core/Src/stm32f1xx_hal_msp.o
                0x0000000008000360                HAL_MspInit
 .text.HAL_ADC_MspInit
                0x0000000008000390       0x5c ./Core/Src/stm32f1xx_hal_msp.o
                0x0000000008000390                HAL_ADC_MspInit
 .text.HAL_I2C_MspInit
                0x00000000080003ec       0x64 ./Core/Src/stm32f1xx_hal_msp.o
                0x00000000080003ec                HAL_I2C_MspInit
 .text.HAL_TIM_PWM_MspInit
                0x0000000008000450       0x28 ./Core/Src/stm32f1xx_hal_msp.o
                0x0000000008000450                HAL_TIM_PWM_MspInit
 .text.HAL_TIM_MspPostInit
                0x0000000008000478       0x4c ./Core/Src/stm32f1xx_hal_msp.o
                0x0000000008000478                HAL_TIM_MspPostInit
 .text.NMI_Handler
                0x00000000080004c4        0x2 ./Core/Src/stm32f1xx_it.o
                0x00000000080004c4                NMI_Handler
 .text.HardFault_Handler
                0x00000000080004c6        0x2 ./Core/Src/stm32f1xx_it.o
                0x00000000080004c6                HardFault_Handler
 .text.MemManage_Handler
                0x00000000080004c8        0x2 ./Core/Src/stm32f1xx_it.o
                0x00000000080004c8                MemManage_Handler
 .text.BusFault_Handler
                0x00000000080004ca        0x2 ./Core/Src/stm32f1xx_it.o
                0x00000000080004ca                BusFault_Handler
 .text.UsageFault_Handler
                0x00000000080004cc        0x2 ./Core/Src/stm32f1xx_it.o
                0x00000000080004cc                UsageFault_Handler
 .text.SVC_Handler
                0x00000000080004ce        0x2 ./Core/Src/stm32f1xx_it.o
                0x00000000080004ce                SVC_Handler
 .text.DebugMon_Handler
                0x00000000080004d0        0x2 ./Core/Src/stm32f1xx_it.o
                0x00000000080004d0                DebugMon_Handler
 .text.PendSV_Handler
                0x00000000080004d2        0x2 ./Core/Src/stm32f1xx_it.o
                0x00000000080004d2                PendSV_Handler
 .text.SysTick_Handler
                0x00000000080004d4        0x4 ./Core/Src/stm32f1xx_it.o
                0x00000000080004d4                SysTick_Handler
 .text.USB_LP_CAN1_RX0_IRQHandler
                0x00000000080004d8        0xc ./Core/Src/stm32f1xx_it.o
                0x00000000080004d8                USB_LP_CAN1_RX0_IRQHandler
 .text.SystemInit
                0x00000000080004e4        0x2 ./Core/Src/system_stm32f1xx.o
                0x00000000080004e4                SystemInit
 *fill*         0x00000000080004e6        0x2 
 .text.Reset_Handler
                0x00000000080004e8       0x48 ./Core/Startup/startup_stm32f103c6tx.o
                0x00000000080004e8                Reset_Handler
 .text.Default_Handler
                0x0000000008000530        0x2 ./Core/Startup/startup_stm32f103c6tx.o
                0x0000000008000530                RTC_Alarm_IRQHandler
                0x0000000008000530                EXTI2_IRQHandler
                0x0000000008000530                TIM1_CC_IRQHandler
                0x0000000008000530                PVD_IRQHandler
                0x0000000008000530                EXTI3_IRQHandler
                0x0000000008000530                EXTI0_IRQHandler
                0x0000000008000530                ADC1_2_IRQHandler
                0x0000000008000530                SPI1_IRQHandler
                0x0000000008000530                TAMPER_IRQHandler
                0x0000000008000530                DMA1_Channel4_IRQHandler
                0x0000000008000530                RTC_IRQHandler
                0x0000000008000530                DMA1_Channel7_IRQHandler
                0x0000000008000530                CAN1_RX1_IRQHandler
                0x0000000008000530                I2C1_EV_IRQHandler
                0x0000000008000530                DMA1_Channel6_IRQHandler
                0x0000000008000530                TIM3_IRQHandler
                0x0000000008000530                RCC_IRQHandler
                0x0000000008000530                TIM1_TRG_COM_IRQHandler
                0x0000000008000530                DMA1_Channel1_IRQHandler
                0x0000000008000530                Default_Handler
                0x0000000008000530                EXTI15_10_IRQHandler
                0x0000000008000530                EXTI9_5_IRQHandler
                0x0000000008000530                DMA1_Channel5_IRQHandler
                0x0000000008000530                EXTI4_IRQHandler
                0x0000000008000530                USB_HP_CAN1_TX_IRQHandler
                0x0000000008000530                DMA1_Channel3_IRQHandler
                0x0000000008000530                TIM1_UP_IRQHandler
                0x0000000008000530                WWDG_IRQHandler
                0x0000000008000530                TIM2_IRQHandler
                0x0000000008000530                TIM1_BRK_IRQHandler
                0x0000000008000530                EXTI1_IRQHandler
                0x0000000008000530                USART2_IRQHandler
                0x0000000008000530                DMA1_Channel2_IRQHandler
                0x0000000008000530                CAN1_SCE_IRQHandler
                0x0000000008000530                FLASH_IRQHandler
                0x0000000008000530                USART1_IRQHandler
                0x0000000008000530                I2C1_ER_IRQHandler
                0x0000000008000530                USBWakeUp_IRQHandler
 *fill*         0x0000000008000532        0x2 
 .text.HAL_InitTick
                0x0000000008000534       0x48 ./Drivers/STM32F1xx_HAL_Driver/Src/stm32f1xx_hal.o
                0x0000000008000534                HAL_InitTick
 .text.HAL_Init
                0x000000000800057c       0x24 ./Drivers/STM32F1xx_HAL_Driver/Src/stm32f1xx_hal.o
                0x000000000800057c                HAL_Init
 .text.HAL_IncTick
                0x00000000080005a0       0x18 ./Drivers/STM32F1xx_HAL_Driver/Src/stm32f1xx_hal.o
                0x00000000080005a0                HAL_IncTick
 .text.HAL_GetTick
                0x00000000080005b8        0xc ./Drivers/STM32F1xx_HAL_Driver/Src/stm32f1xx_hal.o
                0x00000000080005b8                HAL_GetTick
 .text.HAL_ADC_ConfigChannel
                0x00000000080005c4       0xfc ./Drivers/STM32F1xx_HAL_Driver/Src/stm32f1xx_hal_adc.o
                0x00000000080005c4                HAL_ADC_ConfigChannel
 .text.ADC_ConversionStop_Disable
                0x00000000080006c0       0x4c ./Drivers/STM32F1xx_HAL_Driver/Src/stm32f1xx_hal_adc.o
                0x00000000080006c0                ADC_ConversionStop_Disable
 .text.HAL_ADC_Init
                0x000000000800070c       0xfc ./Drivers/STM32F1xx_HAL_Driver/Src/stm32f1xx_hal_adc.o
                0x000000000800070c                HAL_ADC_Init
 .text.HAL_NVIC_SetPriorityGrouping
                0x0000000008000808       0x24 ./Drivers/STM32F1xx_HAL_Driver/Src/stm32f1xx_hal_cortex.o
                0x0000000008000808                HAL_NVIC_SetPriorityGrouping
 .text.HAL_NVIC_SetPriority
                0x000000000800082c       0x64 ./Drivers/STM32F1xx_HAL_Driver/Src/stm32f1xx_hal_cortex.o
                0x000000000800082c                HAL_NVIC_SetPriority
 .text.HAL_NVIC_EnableIRQ
                0x0000000008000890       0x1c ./Drivers/STM32F1xx_HAL_Driver/Src/stm32f1xx_hal_cortex.o
                0x0000000008000890                HAL_NVIC_EnableIRQ
 .text.HAL_SYSTICK_Config
                0x00000000080008ac       0x28 ./Drivers/STM32F1xx_HAL_Driver/Src/stm32f1xx_hal_cortex.o
                0x00000000080008ac                HAL_SYSTICK_Config
 .text.HAL_GPIO_Init
                0x00000000080008d4      0x1ac ./Drivers/STM32F1xx_HAL_Driver/Src/stm32f1xx_hal_gpio.o
                0x00000000080008d4                HAL_GPIO_Init
 .text.HAL_GPIO_WritePin
                0x0000000008000a80        0xa ./Drivers/STM32F1xx_HAL_Driver/Src/stm32f1xx_hal_gpio.o
                0x0000000008000a80                HAL_GPIO_WritePin
 *fill*         0x0000000008000a8a        0x2 
 .text.HAL_I2C_Init
                0x0000000008000a8c      0x150 ./Drivers/STM32F1xx_HAL_Driver/Src/stm32f1xx_hal_i2c.o
                0x0000000008000a8c                HAL_I2C_Init
 .text.HAL_PCD_Init
                0x0000000008000bdc       0xf2 ./Drivers/STM32F1xx_HAL_Driver/Src/stm32f1xx_hal_pcd.o
                0x0000000008000bdc                HAL_PCD_Init
 .text.HAL_PCD_Start
                0x0000000008000cce       0x32 ./Drivers/STM32F1xx_HAL_Driver/Src/stm32f1xx_hal_pcd.o
                0x0000000008000cce                HAL_PCD_Start
 .text.HAL_PCD_SetAddress
                0x0000000008000d00       0x28 ./Drivers/STM32F1xx_HAL_Driver/Src/stm32f1xx_hal_pcd.o
                0x0000000008000d00                HAL_PCD_SetAddress
 .text.HAL_PCD_IRQHandler
                0x0000000008000d28      0x968 ./Drivers/STM32F1xx_HAL_Driver/Src/stm32f1xx_hal_pcd.o
                0x0000000008000d28                HAL_PCD_IRQHandler
 .text.HAL_PCD_EP_Open
                0x0000000008001690       0x62 ./Drivers/STM32F1xx_HAL_Driver/Src/stm32f1xx_hal_pcd.o
                0x0000000008001690                HAL_PCD_EP_Open
 .text.HAL_PCD_EP_Close
                0x00000000080016f2       0x50 ./Drivers/STM32F1xx_HAL_Driver/Src/stm32f1xx_hal_pcd.o
                0x00000000080016f2                HAL_PCD_EP_Close
 .text.HAL_PCD_EP_Receive
                0x0000000008001742       0x2e ./Drivers/STM32F1xx_HAL_Driver/Src/stm32f1xx_hal_pcd.o
                0x0000000008001742                HAL_PCD_EP_Receive
 .text.HAL_PCD_EP_Transmit
                0x0000000008001770       0x34 ./Drivers/STM32F1xx_HAL_Driver/Src/stm32f1xx_hal_pcd.o
                0x0000000008001770                HAL_PCD_EP_Transmit
 .text.HAL_PCD_EP_SetStall
                0x00000000080017a4       0x68 ./Drivers/STM32F1xx_HAL_Driver/Src/stm32f1xx_hal_pcd.o
                0x00000000080017a4                HAL_PCD_EP_SetStall
 .text.HAL_PCD_EP_ClrStall
                0x000000000800180c       0x62 ./Drivers/STM32F1xx_HAL_Driver/Src/stm32f1xx_hal_pcd.o
                0x000000000800180c                HAL_PCD_EP_ClrStall
 .text.HAL_PCDEx_PMAConfig
                0x000000000800186e       0x32 ./Drivers/STM32F1xx_HAL_Driver/Src/stm32f1xx_hal_pcd_ex.o
                0x000000000800186e                HAL_PCDEx_PMAConfig
 .text.HAL_RCC_OscConfig
                0x00000000080018a0      0x338 ./Drivers/STM32F1xx_HAL_Driver/Src/stm32f1xx_hal_rcc.o
                0x00000000080018a0                HAL_RCC_OscConfig
 .text.HAL_RCC_GetSysClockFreq
                0x0000000008001bd8       0x74 ./Drivers/STM32F1xx_HAL_Driver/Src/stm32f1xx_hal_rcc.o
                0x0000000008001bd8                HAL_RCC_GetSysClockFreq
 .text.HAL_RCC_ClockConfig
                0x0000000008001c4c      0x138 ./Drivers/STM32F1xx_HAL_Driver/Src/stm32f1xx_hal_rcc.o
                0x0000000008001c4c                HAL_RCC_ClockConfig
 .text.HAL_RCC_GetPCLK1Freq
                0x0000000008001d84       0x20 ./Drivers/STM32F1xx_HAL_Driver/Src/stm32f1xx_hal_rcc.o
                0x0000000008001d84                HAL_RCC_GetPCLK1Freq
 .text.HAL_RCCEx_PeriphCLKConfig
                0x0000000008001da4       0xf4 ./Drivers/STM32F1xx_HAL_Driver/Src/stm32f1xx_hal_rcc_ex.o
                0x0000000008001da4                HAL_RCCEx_PeriphCLKConfig
 .text.TIM_OC1_SetConfig
                0x0000000008001e98       0x50 ./Drivers/STM32F1xx_HAL_Driver/Src/stm32f1xx_hal_tim.o
 .text.TIM_OC3_SetConfig
                0x0000000008001ee8       0x54 ./Drivers/STM32F1xx_HAL_Driver/Src/stm32f1xx_hal_tim.o
 .text.TIM_OC4_SetConfig
                0x0000000008001f3c       0x44 ./Drivers/STM32F1xx_HAL_Driver/Src/stm32f1xx_hal_tim.o
 .text.TIM_Base_SetConfig
                0x0000000008001f80       0x64 ./Drivers/STM32F1xx_HAL_Driver/Src/stm32f1xx_hal_tim.o
                0x0000000008001f80                TIM_Base_SetConfig
 .text.HAL_TIM_PWM_Init
                0x0000000008001fe4       0x58 ./Drivers/STM32F1xx_HAL_Driver/Src/stm32f1xx_hal_tim.o
                0x0000000008001fe4                HAL_TIM_PWM_Init
 .text.TIM_OC2_SetConfig
                0x000000000800203c       0x58 ./Drivers/STM32F1xx_HAL_Driver/Src/stm32f1xx_hal_tim.o
                0x000000000800203c                TIM_OC2_SetConfig
 .text.HAL_TIM_PWM_ConfigChannel
                0x0000000008002094       0xb6 ./Drivers/STM32F1xx_HAL_Driver/Src/stm32f1xx_hal_tim.o
                0x0000000008002094                HAL_TIM_PWM_ConfigChannel
 *fill*         0x000000000800214a        0x2 
 .text.HAL_TIMEx_MasterConfigSynchronization
                0x000000000800214c       0x54 ./Drivers/STM32F1xx_HAL_Driver/Src/stm32f1xx_hal_tim_ex.o
                0x000000000800214c                HAL_TIMEx_MasterConfigSynchronization
 .text.USB_CoreInit
                0x00000000080021a0        0xe ./Drivers/STM32F1xx_HAL_Driver/Src/stm32f1xx_ll_usb.o
                0x00000000080021a0                USB_CoreInit
 .text.USB_EnableGlobalInt
                0x00000000080021ae       0x12 ./Drivers/STM32F1xx_HAL_Driver/Src/stm32f1xx_ll_usb.o
                0x00000000080021ae                USB_EnableGlobalInt
 .text.USB_DisableGlobalInt
                0x00000000080021c0       0x14 ./Drivers/STM32F1xx_HAL_Driver/Src/stm32f1xx_ll_usb.o
                0x00000000080021c0                USB_DisableGlobalInt
 .text.USB_SetCurrentMode
                0x00000000080021d4        0x4 ./Drivers/STM32F1xx_HAL_Driver/Src/stm32f1xx_ll_usb.o
                0x00000000080021d4                USB_SetCurrentMode
 .text.USB_DevInit
                0x00000000080021d8       0x28 ./Drivers/STM32F1xx_HAL_Driver/Src/stm32f1xx_ll_usb.o
                0x00000000080021d8                USB_DevInit
 .text.USB_ActivateEndpoint
                0x0000000008002200      0x278 ./Drivers/STM32F1xx_HAL_Driver/Src/stm32f1xx_ll_usb.o
                0x0000000008002200                USB_ActivateEndpoint
 .text.USB_DeactivateEndpoint
                0x0000000008002478      0x1a2 ./Drivers/STM32F1xx_HAL_Driver/Src/stm32f1xx_ll_usb.o
                0x0000000008002478                USB_DeactivateEndpoint
 .text.USB_EPSetStall
                0x000000000800261a       0x40 ./Drivers/STM32F1xx_HAL_Driver/Src/stm32f1xx_ll_usb.o
                0x000000000800261a                USB_EPSetStall
 .text.USB_EPClearStall
                0x000000000800265a       0x92 ./Drivers/STM32F1xx_HAL_Driver/Src/stm32f1xx_ll_usb.o
                0x000000000800265a                USB_EPClearStall
 .text.USB_SetDevAddress
                0x00000000080026ec        0xc ./Drivers/STM32F1xx_HAL_Driver/Src/stm32f1xx_ll_usb.o
                0x00000000080026ec                USB_SetDevAddress
 .text.USB_DevConnect
                0x00000000080026f8        0x4 ./Drivers/STM32F1xx_HAL_Driver/Src/stm32f1xx_ll_usb.o
                0x00000000080026f8                USB_DevConnect
 .text.USB_DevDisconnect
                0x00000000080026fc        0x4 ./Drivers/STM32F1xx_HAL_Driver/Src/stm32f1xx_ll_usb.o
                0x00000000080026fc                USB_DevDisconnect
 .text.USB_ReadInterrupts
                0x0000000008002700        0x8 ./Drivers/STM32F1xx_HAL_Driver/Src/stm32f1xx_ll_usb.o
                0x0000000008002700                USB_ReadInterrupts
 .text.USB_EP0_OutStart
                0x0000000008002708        0x4 ./Drivers/STM32F1xx_HAL_Driver/Src/stm32f1xx_ll_usb.o
                0x0000000008002708                USB_EP0_OutStart
 .text.USB_WritePMA
                0x000000000800270c       0x20 ./Drivers/STM32F1xx_HAL_Driver/Src/stm32f1xx_ll_usb.o
                0x000000000800270c                USB_WritePMA
 .text.USB_EPStartXfer
                0x000000000800272c      0x51c ./Drivers/STM32F1xx_HAL_Driver/Src/stm32f1xx_ll_usb.o
                0x000000000800272c                USB_EPStartXfer
 .text.USB_ReadPMA
                0x0000000008002c48       0x38 ./Drivers/STM32F1xx_HAL_Driver/Src/stm32f1xx_ll_usb.o
                0x0000000008002c48                USB_ReadPMA
 .text.USBD_HID_GetFSCfgDesc
                0x0000000008002c80        0xc ./Middlewares/ST/STM32_USB_Device_Library/Class/HID/Src/usbd_hid.o
 .text.USBD_HID_GetHSCfgDesc
                0x0000000008002c8c        0xc ./Middlewares/ST/STM32_USB_Device_Library/Class/HID/Src/usbd_hid.o
 .text.USBD_HID_GetOtherSpeedCfgDesc
                0x0000000008002c98        0xc ./Middlewares/ST/STM32_USB_Device_Library/Class/HID/Src/usbd_hid.o
 .text.USBD_HID_DataIn
                0x0000000008002ca4        0xa ./Middlewares/ST/STM32_USB_Device_Library/Class/HID/Src/usbd_hid.o
 *fill*         0x0000000008002cae        0x2 
 .text.USBD_HID_GetDeviceQualifierDesc
                0x0000000008002cb0        0xc ./Middlewares/ST/STM32_USB_Device_Library/Class/HID/Src/usbd_hid.o
 .text.USBD_HID_Setup
                0x0000000008002cbc       0xd4 ./Middlewares/ST/STM32_USB_Device_Library/Class/HID/Src/usbd_hid.o
 .text.USBD_HID_DeInit
                0x0000000008002d90       0x20 ./Middlewares/ST/STM32_USB_Device_Library/Class/HID/Src/usbd_hid.o
 .text.USBD_HID_Init
                0x0000000008002db0       0x2a ./Middlewares/ST/STM32_USB_Device_Library/Class/HID/Src/usbd_hid.o
 .text.USBD_Init
                0x0000000008002dda       0x2a ./Middlewares/ST/STM32_USB_Device_Library/Core/Src/usbd_core.o
                0x0000000008002dda                USBD_Init
 .text.USBD_RegisterClass
                0x0000000008002e04        0xe ./Middlewares/ST/STM32_USB_Device_Library/Core/Src/usbd_core.o
                0x0000000008002e04                USBD_RegisterClass
 .text.USBD_Start
                0x0000000008002e12        0xa ./Middlewares/ST/STM32_USB_Device_Library/Core/Src/usbd_core.o
                0x0000000008002e12                USBD_Start
 .text.USBD_SetClassConfig
                0x0000000008002e1c       0x16 ./Middlewares/ST/STM32_USB_Device_Library/Core/Src/usbd_core.o
                0x0000000008002e1c                USBD_SetClassConfig
 .text.USBD_ClrClassConfig
                0x0000000008002e32        0xe ./Middlewares/ST/STM32_USB_Device_Library/Core/Src/usbd_core.o
                0x0000000008002e32                USBD_ClrClassConfig
 .text.USBD_LL_SetupStage
                0x0000000008002e40       0x5a ./Middlewares/ST/STM32_USB_Device_Library/Core/Src/usbd_core.o
                0x0000000008002e40                USBD_LL_SetupStage
 .text.USBD_LL_DataOutStage
                0x0000000008002e9a       0x74 ./Middlewares/ST/STM32_USB_Device_Library/Core/Src/usbd_core.o
                0x0000000008002e9a                USBD_LL_DataOutStage
 .text.USBD_LL_DataInStage
                0x0000000008002f0e       0xb6 ./Middlewares/ST/STM32_USB_Device_Library/Core/Src/usbd_core.o
                0x0000000008002f0e                USBD_LL_DataInStage
 .text.USBD_LL_Reset
                0x0000000008002fc4       0x4e ./Middlewares/ST/STM32_USB_Device_Library/Core/Src/usbd_core.o
                0x0000000008002fc4                USBD_LL_Reset
 .text.USBD_LL_SetSpeed
                0x0000000008003012        0x6 ./Middlewares/ST/STM32_USB_Device_Library/Core/Src/usbd_core.o
                0x0000000008003012                USBD_LL_SetSpeed
 .text.USBD_LL_Suspend
                0x0000000008003018       0x12 ./Middlewares/ST/STM32_USB_Device_Library/Core/Src/usbd_core.o
                0x0000000008003018                USBD_LL_Suspend
 .text.USBD_LL_Resume
                0x000000000800302a       0x14 ./Middlewares/ST/STM32_USB_Device_Library/Core/Src/usbd_core.o
                0x000000000800302a                USBD_LL_Resume
 .text.USBD_LL_SOF
                0x000000000800303e       0x18 ./Middlewares/ST/STM32_USB_Device_Library/Core/Src/usbd_core.o
                0x000000000800303e                USBD_LL_SOF
 .text.USBD_CtlError.constprop.0
                0x0000000008003056       0x16 ./Middlewares/ST/STM32_USB_Device_Library/Core/Src/usbd_ctlreq.o
 .text.USBD_StdDevReq
                0x000000000800306c      0x254 ./Middlewares/ST/STM32_USB_Device_Library/Core/Src/usbd_ctlreq.o
                0x000000000800306c                USBD_StdDevReq
 .text.USBD_StdItfReq
                0x00000000080032c0       0x48 ./Middlewares/ST/STM32_USB_Device_Library/Core/Src/usbd_ctlreq.o
                0x00000000080032c0                USBD_StdItfReq
 .text.USBD_StdEPReq
                0x0000000008003308      0x114 ./Middlewares/ST/STM32_USB_Device_Library/Core/Src/usbd_ctlreq.o
                0x0000000008003308                USBD_StdEPReq
 .text.USBD_ParseSetupRequest
                0x000000000800341c       0x28 ./Middlewares/ST/STM32_USB_Device_Library/Core/Src/usbd_ctlreq.o
                0x000000000800341c                USBD_ParseSetupRequest
 .text.USBD_CtlError
                0x0000000008003444       0x16 ./Middlewares/ST/STM32_USB_Device_Library/Core/Src/usbd_ctlreq.o
                0x0000000008003444                USBD_CtlError
 .text.USBD_GetString
                0x000000000800345a       0x38 ./Middlewares/ST/STM32_USB_Device_Library/Core/Src/usbd_ctlreq.o
                0x000000000800345a                USBD_GetString
 .text.USBD_CtlSendData
                0x0000000008003492       0x1a ./Middlewares/ST/STM32_USB_Device_Library/Core/Src/usbd_ioreq.o
                0x0000000008003492                USBD_CtlSendData
 .text.USBD_CtlContinueSendData
                0x00000000080034ac       0x10 ./Middlewares/ST/STM32_USB_Device_Library/Core/Src/usbd_ioreq.o
                0x00000000080034ac                USBD_CtlContinueSendData
 .text.USBD_CtlContinueRx
                0x00000000080034bc       0x10 ./Middlewares/ST/STM32_USB_Device_Library/Core/Src/usbd_ioreq.o
                0x00000000080034bc                USBD_CtlContinueRx
 .text.USBD_CtlSendStatus
                0x00000000080034cc       0x16 ./Middlewares/ST/STM32_USB_Device_Library/Core/Src/usbd_ioreq.o
                0x00000000080034cc                USBD_CtlSendStatus
 .text.USBD_CtlReceiveStatus
                0x00000000080034e2       0x16 ./Middlewares/ST/STM32_USB_Device_Library/Core/Src/usbd_ioreq.o
                0x00000000080034e2                USBD_CtlReceiveStatus
 .text.MX_USB_DEVICE_Init
                0x00000000080034f8       0x40 ./USB_DEVICE/App/usb_device.o
                0x00000000080034f8                MX_USB_DEVICE_Init
 .text.USBD_FS_DeviceDescriptor
                0x0000000008003538        0xc ./USB_DEVICE/App/usbd_desc.o
                0x0000000008003538                USBD_FS_DeviceDescriptor
 .text.USBD_FS_LangIDStrDescriptor
                0x0000000008003544        0xc ./USB_DEVICE/App/usbd_desc.o
                0x0000000008003544                USBD_FS_LangIDStrDescriptor
 .text.IntToUnicode
                0x0000000008003550       0x2a ./USB_DEVICE/App/usbd_desc.o
 *fill*         0x000000000800357a        0x2 
 .text.USBD_FS_SerialStrDescriptor
                0x000000000800357c       0x3c ./USB_DEVICE/App/usbd_desc.o
                0x000000000800357c                USBD_FS_SerialStrDescriptor
 .text.USBD_FS_ManufacturerStrDescriptor
                0x00000000080035b8       0x1c ./USB_DEVICE/App/usbd_desc.o
                0x00000000080035b8                USBD_FS_ManufacturerStrDescriptor
 .text.USBD_FS_ProductStrDescriptor
                0x00000000080035d4       0x1c ./USB_DEVICE/App/usbd_desc.o
                0x00000000080035d4                USBD_FS_ProductStrDescriptor
 .text.USBD_FS_ConfigStrDescriptor
                0x00000000080035f0       0x1c ./USB_DEVICE/App/usbd_desc.o
                0x00000000080035f0                USBD_FS_ConfigStrDescriptor
 .text.USBD_FS_InterfaceStrDescriptor
                0x000000000800360c       0x1c ./USB_DEVICE/App/usbd_desc.o
                0x000000000800360c                USBD_FS_InterfaceStrDescriptor
 .text.USBD_Get_USB_Status
                0x0000000008003628       0x10 ./USB_DEVICE/Target/usbd_conf.o
 .text.HAL_PCD_MspInit
                0x0000000008003638       0x40 ./USB_DEVICE/Target/usbd_conf.o
                0x0000000008003638                HAL_PCD_MspInit
 .text.HAL_PCD_SetupStageCallback
                0x0000000008003678        0xc ./USB_DEVICE/Target/usbd_conf.o
                0x0000000008003678                HAL_PCD_SetupStageCallback
 .text.HAL_PCD_DataOutStageCallback
                0x0000000008003684       0x12 ./USB_DEVICE/Target/usbd_conf.o
                0x0000000008003684                HAL_PCD_DataOutStageCallback
 .text.HAL_PCD_DataInStageCallback
                0x0000000008003696       0x10 ./USB_DEVICE/Target/usbd_conf.o
                0x0000000008003696                HAL_PCD_DataInStageCallback
 .text.HAL_PCD_SOFCallback
                0x00000000080036a6        0x8 ./USB_DEVICE/Target/usbd_conf.o
                0x00000000080036a6                HAL_PCD_SOFCallback
 .text.HAL_PCD_ResetCallback
                0x00000000080036ae       0x24 ./USB_DEVICE/Target/usbd_conf.o
                0x00000000080036ae                HAL_PCD_ResetCallback
 *fill*         0x00000000080036d2        0x2 
 .text.HAL_PCD_SuspendCallback
                0x00000000080036d4       0x20 ./USB_DEVICE/Target/usbd_conf.o
                0x00000000080036d4                HAL_PCD_SuspendCallback
 .text.HAL_PCD_ResumeCallback
                0x00000000080036f4        0x8 ./USB_DEVICE/Target/usbd_conf.o
                0x00000000080036f4                HAL_PCD_ResumeCallback
 .text.USBD_LL_Init
                0x00000000080036fc       0x64 ./USB_DEVICE/Target/usbd_conf.o
                0x00000000080036fc                USBD_LL_Init
 .text.USBD_LL_Start
                0x0000000008003760       0x12 ./USB_DEVICE/Target/usbd_conf.o
                0x0000000008003760                USBD_LL_Start
 .text.USBD_LL_OpenEP
                0x0000000008003772       0x18 ./USB_DEVICE/Target/usbd_conf.o
                0x0000000008003772                USBD_LL_OpenEP
 .text.USBD_LL_CloseEP
                0x000000000800378a       0x12 ./USB_DEVICE/Target/usbd_conf.o
                0x000000000800378a                USBD_LL_CloseEP
 .text.USBD_LL_StallEP
                0x000000000800379c       0x12 ./USB_DEVICE/Target/usbd_conf.o
                0x000000000800379c                USBD_LL_StallEP
 .text.USBD_LL_ClearStallEP
                0x00000000080037ae       0x12 ./USB_DEVICE/Target/usbd_conf.o
                0x00000000080037ae                USBD_LL_ClearStallEP
 .text.USBD_LL_IsStallEP
                0x00000000080037c0       0x24 ./USB_DEVICE/Target/usbd_conf.o
                0x00000000080037c0                USBD_LL_IsStallEP
 .text.USBD_LL_SetUSBAddress
                0x00000000080037e4       0x12 ./USB_DEVICE/Target/usbd_conf.o
                0x00000000080037e4                USBD_LL_SetUSBAddress
 .text.USBD_LL_Transmit
                0x00000000080037f6       0x12 ./USB_DEVICE/Target/usbd_conf.o
                0x00000000080037f6                USBD_LL_Transmit
 .text.USBD_LL_PrepareReceive
                0x0000000008003808       0x12 ./USB_DEVICE/Target/usbd_conf.o
                0x0000000008003808                USBD_LL_PrepareReceive
 *fill*         0x000000000800381a        0x2 
 .text.USBD_static_malloc
                0x000000000800381c        0x8 ./USB_DEVICE/Target/usbd_conf.o
                0x000000000800381c                USBD_static_malloc
 .text.USBD_static_free
                0x0000000008003824        0x2 ./USB_DEVICE/Target/usbd_conf.o
                0x0000000008003824                USBD_static_free
 .text.HAL_PCDEx_SetConnectionState
                0x0000000008003826        0x2 ./USB_DEVICE/Target/usbd_conf.o
                0x0000000008003826                HAL_PCDEx_SetConnectionState
 .text.__libc_init_array
                0x0000000008003828       0x48 e:/st/stm32cubeide_1.11.0/stm32cubeide/plugins/com.st.stm32cube.ide.mcu.externaltools.gnu-tools-for-stm32.10.3-2021.10.win32_1.0.100.202210260954/tools/bin/../lib/gcc/arm-none-eabi/10.3.1/../../../../arm-none-eabi/lib/thumb/v7-m/nofp\libc_nano.a(lib_a-init.o)
                0x0000000008003828                __libc_init_array
 .text.memset   0x0000000008003870       0x10 e:/st/stm32cubeide_1.11.0/stm32cubeide/plugins/com.st.stm32cube.ide.mcu.externaltools.gnu-tools-for-stm32.10.3-2021.10.win32_1.0.100.202210260954/tools/bin/../lib/gcc/arm-none-eabi/10.3.1/../../../../arm-none-eabi/lib/thumb/v7-m/nofp\libc_nano.a(lib_a-memset.o)
                0x0000000008003870                memset
 *(.glue_7)
 .glue_7        0x0000000008003880        0x0 linker stubs
 *(.glue_7t)
 .glue_7t       0x0000000008003880        0x0 linker stubs
 *(.eh_frame)
 .eh_frame      0x0000000008003880        0x0 e:/st/stm32cubeide_1.11.0/stm32cubeide/plugins/com.st.stm32cube.ide.mcu.externaltools.gnu-tools-for-stm32.10.3-2021.10.win32_1.0.100.202210260954/tools/bin/../lib/gcc/arm-none-eabi/10.3.1/thumb/v7-m/nofp/crtbegin.o
 *(.init)
 .init          0x0000000008003880        0x4 e:/st/stm32cubeide_1.11.0/stm32cubeide/plugins/com.st.stm32cube.ide.mcu.externaltools.gnu-tools-for-stm32.10.3-2021.10.win32_1.0.100.202210260954/tools/bin/../lib/gcc/arm-none-eabi/10.3.1/thumb/v7-m/nofp/crti.o
                0x0000000008003880                _init
 .init          0x0000000008003884        0x8 e:/st/stm32cubeide_1.11.0/stm32cubeide/plugins/com.st.stm32cube.ide.mcu.externaltools.gnu-tools-for-stm32.10.3-2021.10.win32_1.0.100.202210260954/tools/bin/../lib/gcc/arm-none-eabi/10.3.1/thumb/v7-m/nofp/crtn.o
 *(.fini)
 .fini          0x000000000800388c        0x4 e:/st/stm32cubeide_1.11.0/stm32cubeide/plugins/com.st.stm32cube.ide.mcu.externaltools.gnu-tools-for-stm32.10.3-2021.10.win32_1.0.100.202210260954/tools/bin/../lib/gcc/arm-none-eabi/10.3.1/thumb/v7-m/nofp/crti.o
                0x000000000800388c                _fini
 .fini          0x0000000008003890        0x8 e:/st/stm32cubeide_1.11.0/stm32cubeide/plugins/com.st.stm32cube.ide.mcu.externaltools.gnu-tools-for-stm32.10.3-2021.10.win32_1.0.100.202210260954/tools/bin/../lib/gcc/arm-none-eabi/10.3.1/thumb/v7-m/nofp/crtn.o
                0x0000000008003898                . = ALIGN (0x4)
                0x0000000008003898                _etext = .

.vfp11_veneer   0x0000000008003898        0x0
 .vfp11_veneer  0x0000000008003898        0x0 linker stubs

.v4_bx          0x0000000008003898        0x0
 .v4_bx         0x0000000008003898        0x0 linker stubs

.iplt           0x0000000008003898        0x0
 .iplt          0x0000000008003898        0x0 e:/st/stm32cubeide_1.11.0/stm32cubeide/plugins/com.st.stm32cube.ide.mcu.externaltools.gnu-tools-for-stm32.10.3-2021.10.win32_1.0.100.202210260954/tools/bin/../lib/gcc/arm-none-eabi/10.3.1/thumb/v7-m/nofp/crtbegin.o

.rodata         0x0000000008003898       0x58
                0x0000000008003898                . = ALIGN (0x4)
 *(.rodata)
 *(.rodata*)
 .rodata.AHBPrescTable
                0x0000000008003898       0x10 ./Core/Src/system_stm32f1xx.o
                0x0000000008003898                AHBPrescTable
 .rodata.APBPrescTable
                0x00000000080038a8        0x8 ./Core/Src/system_stm32f1xx.o
                0x00000000080038a8                APBPrescTable
 .rodata.HAL_RCC_GetSysClockFreq.str1.1
                0x00000000080038b0       0x11 ./Drivers/STM32F1xx_HAL_Driver/Src/stm32f1xx_hal_rcc.o
 .rodata.USBD_FS_ManufacturerStrDescriptor.str1.1
                0x00000000080038c1        0x5 ./USB_DEVICE/App/usbd_desc.o
 .rodata.USBD_FS_ProductStrDescriptor.str1.1
                0x00000000080038c6        0xd ./USB_DEVICE/App/usbd_desc.o
 .rodata.USBD_FS_ConfigStrDescriptor.str1.1
                0x00000000080038d3        0xb ./USB_DEVICE/App/usbd_desc.o
 .rodata.USBD_FS_InterfaceStrDescriptor.str1.1
                0x00000000080038de        0xe ./USB_DEVICE/App/usbd_desc.o
 .rodata.CSWTCH.3
                0x00000000080038ec        0x4 ./USB_DEVICE/Target/usbd_conf.o
                0x00000000080038f0                . = ALIGN (0x4)

.rel.dyn        0x00000000080038f0        0x0
 .rel.iplt      0x00000000080038f0        0x0 e:/st/stm32cubeide_1.11.0/stm32cubeide/plugins/com.st.stm32cube.ide.mcu.externaltools.gnu-tools-for-stm32.10.3-2021.10.win32_1.0.100.202210260954/tools/bin/../lib/gcc/arm-none-eabi/10.3.1/thumb/v7-m/nofp/crtbegin.o

.ARM.extab      0x00000000080038f0        0x0
                0x00000000080038f0                . = ALIGN (0x4)
 *(.ARM.extab* .gnu.linkonce.armextab.*)
                0x00000000080038f0                . = ALIGN (0x4)

.ARM            0x00000000080038f0        0x0
                0x00000000080038f0                . = ALIGN (0x4)
                0x00000000080038f0                __exidx_start = .
 *(.ARM.exidx*)
                0x00000000080038f0                __exidx_end = .
                0x00000000080038f0                . = ALIGN (0x4)

.preinit_array  0x00000000080038f0        0x0
                0x00000000080038f0                . = ALIGN (0x4)
                0x00000000080038f0                PROVIDE (__preinit_array_start = .)
 *(.preinit_array*)
                0x00000000080038f0                PROVIDE (__preinit_array_end = .)
                0x00000000080038f0                . = ALIGN (0x4)

.init_array     0x00000000080038f0        0x4
                0x00000000080038f0                . = ALIGN (0x4)
                0x00000000080038f0                PROVIDE (__init_array_start = .)
 *(SORT_BY_NAME(.init_array.*))
 *(.init_array*)
 .init_array    0x00000000080038f0        0x4 e:/st/stm32cubeide_1.11.0/stm32cubeide/plugins/com.st.stm32cube.ide.mcu.externaltools.gnu-tools-for-stm32.10.3-2021.10.win32_1.0.100.202210260954/tools/bin/../lib/gcc/arm-none-eabi/10.3.1/thumb/v7-m/nofp/crtbegin.o
                0x00000000080038f4                PROVIDE (__init_array_end = .)
                0x00000000080038f4                . = ALIGN (0x4)

.fini_array     0x00000000080038f4        0x4
                0x00000000080038f4                . = ALIGN (0x4)
                [!provide]                        PROVIDE (__fini_array_start = .)
 *(SORT_BY_NAME(.fini_array.*))
 *(.fini_array*)
 .fini_array    0x00000000080038f4        0x4 e:/st/stm32cubeide_1.11.0/stm32cubeide/plugins/com.st.stm32cube.ide.mcu.externaltools.gnu-tools-for-stm32.10.3-2021.10.win32_1.0.100.202210260954/tools/bin/../lib/gcc/arm-none-eabi/10.3.1/thumb/v7-m/nofp/crtbegin.o
                [!provide]                        PROVIDE (__fini_array_end = .)
                0x00000000080038f8                . = ALIGN (0x4)
                0x00000000080038f8                _sidata = LOADADDR (.data)

.data           0x0000000020000000      0x170 load address 0x00000000080038f8
                0x0000000020000000                . = ALIGN (0x4)
                0x0000000020000000                _sdata = .
 *(.data)
 *(.data*)
 .data.SystemCoreClock
                0x0000000020000000        0x4 ./Core/Src/system_stm32f1xx.o
                0x0000000020000000                SystemCoreClock
 .data.uwTickFreq
                0x0000000020000004        0x1 ./Drivers/STM32F1xx_HAL_Driver/Src/stm32f1xx_hal.o
                0x0000000020000004                uwTickFreq
 *fill*         0x0000000020000005        0x3 
 .data.uwTickPrio
                0x0000000020000008        0x4 ./Drivers/STM32F1xx_HAL_Driver/Src/stm32f1xx_hal.o
                0x0000000020000008                uwTickPrio
 .data.USBD_HID
                0x000000002000000c       0x38 ./Middlewares/ST/STM32_USB_Device_Library/Class/HID/Src/usbd_hid.o
                0x000000002000000c                USBD_HID
 .data.USBD_HID_CfgFSDesc
                0x0000000020000044       0x22 ./Middlewares/ST/STM32_USB_Device_Library/Class/HID/Src/usbd_hid.o
 *fill*         0x0000000020000066        0x2 
 .data.USBD_HID_CfgHSDesc
                0x0000000020000068       0x22 ./Middlewares/ST/STM32_USB_Device_Library/Class/HID/Src/usbd_hid.o
 *fill*         0x000000002000008a        0x2 
 .data.USBD_HID_Desc
                0x000000002000008c        0x9 ./Middlewares/ST/STM32_USB_Device_Library/Class/HID/Src/usbd_hid.o
 *fill*         0x0000000020000095        0x3 
 .data.USBD_HID_DeviceQualifierDesc
                0x0000000020000098        0xa ./Middlewares/ST/STM32_USB_Device_Library/Class/HID/Src/usbd_hid.o
 *fill*         0x00000000200000a2        0x2 
 .data.USBD_HID_OtherSpeedCfgDesc
                0x00000000200000a4       0x22 ./Middlewares/ST/STM32_USB_Device_Library/Class/HID/Src/usbd_hid.o
 *fill*         0x00000000200000c6        0x2 
 .data.WHEEL_HID_DESC
                0x00000000200000c8       0x55 ./Middlewares/ST/STM32_USB_Device_Library/Class/HID/Src/usbd_hid.o
                0x00000000200000c8                WHEEL_HID_DESC
 *fill*         0x000000002000011d        0x3 
 .data.FS_Desc  0x0000000020000120       0x1c ./USB_DEVICE/App/usbd_desc.o
                0x0000000020000120                FS_Desc
 .data.USBD_FS_DeviceDesc
                0x000000002000013c       0x12 ./USB_DEVICE/App/usbd_desc.o
                0x000000002000013c                USBD_FS_DeviceDesc
 *fill*         0x000000002000014e        0x2 
 .data.USBD_LangIDDesc
                0x0000000020000150        0x4 ./USB_DEVICE/App/usbd_desc.o
                0x0000000020000150                USBD_LangIDDesc
 .data.USBD_StringSerial
                0x0000000020000154       0x1a ./USB_DEVICE/App/usbd_desc.o
                0x0000000020000154                USBD_StringSerial
 *(.RamFunc)
 *(.RamFunc*)
                0x0000000020000170                . = ALIGN (0x4)
 *fill*         0x000000002000016e        0x2 
                0x0000000020000170                _edata = .

.igot.plt       0x0000000020000170        0x0 load address 0x0000000008003a68
 .igot.plt      0x0000000020000170        0x0 e:/st/stm32cubeide_1.11.0/stm32cubeide/plugins/com.st.stm32cube.ide.mcu.externaltools.gnu-tools-for-stm32.10.3-2021.10.win32_1.0.100.202210260954/tools/bin/../lib/gcc/arm-none-eabi/10.3.1/thumb/v7-m/nofp/crtbegin.o
                0x0000000020000170                . = ALIGN (0x4)

.bss            0x0000000020000170      0x8b4 load address 0x0000000008003a68
                0x0000000020000170                _sbss = .
                0x0000000020000170                __bss_start__ = _sbss
 *(.bss)
 .bss           0x0000000020000170       0x1c e:/st/stm32cubeide_1.11.0/stm32cubeide/plugins/com.st.stm32cube.ide.mcu.externaltools.gnu-tools-for-stm32.10.3-2021.10.win32_1.0.100.202210260954/tools/bin/../lib/gcc/arm-none-eabi/10.3.1/thumb/v7-m/nofp/crtbegin.o
 *(.bss*)
 .bss.hadc1     0x000000002000018c       0x30 ./Core/Src/main.o
                0x000000002000018c                hadc1
 .bss.hi2c1     0x00000000200001bc       0x54 ./Core/Src/main.o
                0x00000000200001bc                hi2c1
 .bss.htim3     0x0000000020000210       0x48 ./Core/Src/main.o
                0x0000000020000210                htim3
 .bss.uwTick    0x0000000020000258        0x4 ./Drivers/STM32F1xx_HAL_Driver/Src/stm32f1xx_hal.o
                0x0000000020000258                uwTick
 .bss.cfgidx.0  0x000000002000025c        0x1 ./Middlewares/ST/STM32_USB_Device_Library/Core/Src/usbd_ctlreq.o
 *fill*         0x000000002000025d        0x3 
 .bss.hUsbDeviceFS
                0x0000000020000260      0x2c4 ./USB_DEVICE/App/usb_device.o
                0x0000000020000260                hUsbDeviceFS
 .bss.USBD_StrDesc
                0x0000000020000524      0x200 ./USB_DEVICE/App/usbd_desc.o
                0x0000000020000524                USBD_StrDesc
 .bss.hpcd_USB_FS
                0x0000000020000724      0x2ec ./USB_DEVICE/Target/usbd_conf.o
                0x0000000020000724                hpcd_USB_FS
 .bss.mem.0     0x0000000020000a10       0x14 ./USB_DEVICE/Target/usbd_conf.o
 *(COMMON)
                0x0000000020000a24                . = ALIGN (0x4)
                0x0000000020000a24                _ebss = .
                0x0000000020000a24                __bss_end__ = _ebss

._user_heap_stack
                0x0000000020000a24      0x604 load address 0x0000000008003a68
                0x0000000020000a28                . = ALIGN (0x8)
 *fill*         0x0000000020000a24        0x4 
                [!provide]                        PROVIDE (end = .)
                0x0000000020000a28                PROVIDE (_end = .)
                0x0000000020000c28                . = (. + _Min_Heap_Size)
 *fill*         0x0000000020000a28      0x200 
                0x0000000020001028                . = (. + _Min_Stack_Size)
 *fill*         0x0000000020000c28      0x400 
                0x0000000020001028                . = ALIGN (0x8)

/DISCARD/
 libc.a(*)
 libm.a(*)
 libgcc.a(*)

.ARM.attributes
                0x0000000000000000       0x29
 *(.ARM.attributes)
 .ARM.attributes
                0x0000000000000000       0x1d e:/st/stm32cubeide_1.11.0/stm32cubeide/plugins/com.st.stm32cube.ide.mcu.externaltools.gnu-tools-for-stm32.10.3-2021.10.win32_1.0.100.202210260954/tools/bin/../lib/gcc/arm-none-eabi/10.3.1/thumb/v7-m/nofp/crti.o
 .ARM.attributes
                0x000000000000001d       0x2d e:/st/stm32cubeide_1.11.0/stm32cubeide/plugins/com.st.stm32cube.ide.mcu.externaltools.gnu-tools-for-stm32.10.3-2021.10.win32_1.0.100.202210260954/tools/bin/../lib/gcc/arm-none-eabi/10.3.1/thumb/v7-m/nofp/crtbegin.o
 .ARM.attributes
                0x000000000000004a       0x2d ./Core/Src/main.o
 .ARM.attributes
                0x0000000000000077       0x2d ./Core/Src/stm32f1xx_hal_msp.o
 .ARM.attributes
                0x00000000000000a4       0x2d ./Core/Src/stm32f1xx_it.o
 .ARM.attributes
                0x00000000000000d1       0x2d ./Core/Src/system_stm32f1xx.o
 .ARM.attributes
                0x00000000000000fe       0x21 ./Core/Startup/startup_stm32f103c6tx.o
 .ARM.attributes
                0x000000000000011f       0x2d ./Drivers/STM32F1xx_HAL_Driver/Src/stm32f1xx_hal.o
 .ARM.attributes
                0x000000000000014c       0x2d ./Drivers/STM32F1xx_HAL_Driver/Src/stm32f1xx_hal_adc.o
 .ARM.attributes
                0x0000000000000179       0x2d ./Drivers/STM32F1xx_HAL_Driver/Src/stm32f1xx_hal_cortex.o
 .ARM.attributes
                0x00000000000001a6       0x2d ./Drivers/STM32F1xx_HAL_Driver/Src/stm32f1xx_hal_gpio.o
 .ARM.attributes
                0x00000000000001d3       0x2d ./Drivers/STM32F1xx_HAL_Driver/Src/stm32f1xx_hal_i2c.o
 .ARM.attributes
                0x0000000000000200       0x2d ./Drivers/STM32F1xx_HAL_Driver/Src/stm32f1xx_hal_pcd.o
 .ARM.attributes
                0x000000000000022d       0x2d ./Drivers/STM32F1xx_HAL_Driver/Src/stm32f1xx_hal_pcd_ex.o
 .ARM.attributes
                0x000000000000025a       0x2d ./Drivers/STM32F1xx_HAL_Driver/Src/stm32f1xx_hal_rcc.o
 .ARM.attributes
                0x0000000000000287       0x2d ./Drivers/STM32F1xx_HAL_Driver/Src/stm32f1xx_hal_rcc_ex.o
 .ARM.attributes
                0x00000000000002b4       0x2d ./Drivers/STM32F1xx_HAL_Driver/Src/stm32f1xx_hal_tim.o
 .ARM.attributes
                0x00000000000002e1       0x2d ./Drivers/STM32F1xx_HAL_Driver/Src/stm32f1xx_hal_tim_ex.o
 .ARM.attributes
                0x000000000000030e       0x2d ./Drivers/STM32F1xx_HAL_Driver/Src/stm32f1xx_ll_usb.o
 .ARM.attributes
                0x000000000000033b       0x2d ./Middlewares/ST/STM32_USB_Device_Library/Class/HID/Src/usbd_hid.o
 .ARM.attributes
                0x0000000000000368       0x2d ./Middlewares/ST/STM32_USB_Device_Library/Core/Src/usbd_core.o
 .ARM.attributes
                0x0000000000000395       0x2d ./Middlewares/ST/STM32_USB_Device_Library/Core/Src/usbd_ctlreq.o
 .ARM.attributes
                0x00000000000003c2       0x2d ./Middlewares/ST/STM32_USB_Device_Library/Core/Src/usbd_ioreq.o
 .ARM.attributes
                0x00000000000003ef       0x2d ./USB_DEVICE/App/usb_device.o
 .ARM.attributes
                0x000000000000041c       0x2d ./USB_DEVICE/App/usbd_desc.o
 .ARM.attributes
                0x0000000000000449       0x2d ./USB_DEVICE/Target/usbd_conf.o
 .ARM.attributes
                0x0000000000000476       0x2d e:/st/stm32cubeide_1.11.0/stm32cubeide/plugins/com.st.stm32cube.ide.mcu.externaltools.gnu-tools-for-stm32.10.3-2021.10.win32_1.0.100.202210260954/tools/bin/../lib/gcc/arm-none-eabi/10.3.1/../../../../arm-none-eabi/lib/thumb/v7-m/nofp\libc_nano.a(lib_a-init.o)
 .ARM.attributes
                0x00000000000004a3       0x2d e:/st/stm32cubeide_1.11.0/stm32cubeide/plugins/com.st.stm32cube.ide.mcu.externaltools.gnu-tools-for-stm32.10.3-2021.10.win32_1.0.100.202210260954/tools/bin/../lib/gcc/arm-none-eabi/10.3.1/../../../../arm-none-eabi/lib/thumb/v7-m/nofp\libc_nano.a(lib_a-memset.o)
 .ARM.attributes
                0x00000000000004d0       0x1d e:/st/stm32cubeide_1.11.0/stm32cubeide/plugins/com.st.stm32cube.ide.mcu.externaltools.gnu-tools-for-stm32.10.3-2021.10.win32_1.0.100.202210260954/tools/bin/../lib/gcc/arm-none-eabi/10.3.1/thumb/v7-m/nofp/crtn.o
OUTPUT(MlagWheel.elf elf32-littlearm)
LOAD linker stubs
LOAD e:/st/stm32cubeide_1.11.0/stm32cubeide/plugins/com.st.stm32cube.ide.mcu.externaltools.gnu-tools-for-stm32.10.3-2021.10.win32_1.0.100.202210260954/tools/bin/../lib/gcc/arm-none-eabi/10.3.1/../../../../arm-none-eabi/lib/thumb/v7-m/nofp\libc.a
LOAD e:/st/stm32cubeide_1.11.0/stm32cubeide/plugins/com.st.stm32cube.ide.mcu.externaltools.gnu-tools-for-stm32.10.3-2021.10.win32_1.0.100.202210260954/tools/bin/../lib/gcc/arm-none-eabi/10.3.1/../../../../arm-none-eabi/lib/thumb/v7-m/nofp\libm.a
LOAD e:/st/stm32cubeide_1.11.0/stm32cubeide/plugins/com.st.stm32cube.ide.mcu.externaltools.gnu-tools-for-stm32.10.3-2021.10.win32_1.0.100.202210260954/tools/bin/../lib/gcc/arm-none-eabi/10.3.1/thumb/v7-m/nofp\libgcc.a

.debug_info     0x0000000000000000    0x19c62
 .debug_info    0x0000000000000000     0x1de7 ./Core/Src/main.o
 .debug_info    0x0000000000001de7      0xfeb ./Core/Src/stm32f1xx_hal_msp.o
 .debug_info    0x0000000000002dd2      0x66f ./Core/Src/stm32f1xx_it.o
 .debug_info    0x0000000000003441      0x24c ./Core/Src/system_stm32f1xx.o
 .debug_info    0x000000000000368d       0x22 ./Core/Startup/startup_stm32f103c6tx.o
 .debug_info    0x00000000000036af      0x7ea ./Drivers/STM32F1xx_HAL_Driver/Src/stm32f1xx_hal.o
 .debug_info    0x0000000000003e99      0xf60 ./Drivers/STM32F1xx_HAL_Driver/Src/stm32f1xx_hal_adc.o
 .debug_info    0x0000000000004df9      0xd4c ./Drivers/STM32F1xx_HAL_Driver/Src/stm32f1xx_hal_cortex.o
 .debug_info    0x0000000000005b45      0x66f ./Drivers/STM32F1xx_HAL_Driver/Src/stm32f1xx_hal_gpio.o
 .debug_info    0x00000000000061b4     0x3b04 ./Drivers/STM32F1xx_HAL_Driver/Src/stm32f1xx_hal_i2c.o
 .debug_info    0x0000000000009cb8     0x1d63 ./Drivers/STM32F1xx_HAL_Driver/Src/stm32f1xx_hal_pcd.o
 .debug_info    0x000000000000ba1b      0x72a ./Drivers/STM32F1xx_HAL_Driver/Src/stm32f1xx_hal_pcd_ex.o
 .debug_info    0x000000000000c145      0xa89 ./Drivers/STM32F1xx_HAL_Driver/Src/stm32f1xx_hal_rcc.o
 .debug_info    0x000000000000cbce      0x43f ./Drivers/STM32F1xx_HAL_Driver/Src/stm32f1xx_hal_rcc_ex.o
 .debug_info    0x000000000000d00d     0x40a9 ./Drivers/STM32F1xx_HAL_Driver/Src/stm32f1xx_hal_tim.o
 .debug_info    0x00000000000110b6     0x18f6 ./Drivers/STM32F1xx_HAL_Driver/Src/stm32f1xx_hal_tim_ex.o
 .debug_info    0x00000000000129ac     0x1afe ./Drivers/STM32F1xx_HAL_Driver/Src/stm32f1xx_ll_usb.o
 .debug_info    0x00000000000144aa      0xaa4 ./Middlewares/ST/STM32_USB_Device_Library/Class/HID/Src/usbd_hid.o
 .debug_info    0x0000000000014f4e      0xe2e ./Middlewares/ST/STM32_USB_Device_Library/Core/Src/usbd_core.o
 .debug_info    0x0000000000015d7c      0xde6 ./Middlewares/ST/STM32_USB_Device_Library/Core/Src/usbd_ctlreq.o
 .debug_info    0x0000000000016b62      0x82a ./Middlewares/ST/STM32_USB_Device_Library/Core/Src/usbd_ioreq.o
 .debug_info    0x000000000001738c      0x602 ./USB_DEVICE/App/usb_device.o
 .debug_info    0x000000000001798e      0x66d ./USB_DEVICE/App/usbd_desc.o
 .debug_info    0x0000000000017ffb     0x1c67 ./USB_DEVICE/Target/usbd_conf.o

.debug_abbrev   0x0000000000000000     0x3de1
 .debug_abbrev  0x0000000000000000      0x3e3 ./Core/Src/main.o
 .debug_abbrev  0x00000000000003e3      0x21a ./Core/Src/stm32f1xx_hal_msp.o
 .debug_abbrev  0x00000000000005fd      0x1cc ./Core/Src/stm32f1xx_it.o
 .debug_abbrev  0x00000000000007c9      0x141 ./Core/Src/system_stm32f1xx.o
 .debug_abbrev  0x000000000000090a       0x12 ./Core/Startup/startup_stm32f103c6tx.o
 .debug_abbrev  0x000000000000091c      0x277 ./Drivers/STM32F1xx_HAL_Driver/Src/stm32f1xx_hal.o
 .debug_abbrev  0x0000000000000b93      0x2f9 ./Drivers/STM32F1xx_HAL_Driver/Src/stm32f1xx_hal_adc.o
 .debug_abbrev  0x0000000000000e8c      0x352 ./Drivers/STM32F1xx_HAL_Driver/Src/stm32f1xx_hal_cortex.o
 .debug_abbrev  0x00000000000011de      0x1e7 ./Drivers/STM32F1xx_HAL_Driver/Src/stm32f1xx_hal_gpio.o
 .debug_abbrev  0x00000000000013c5      0x43b ./Drivers/STM32F1xx_HAL_Driver/Src/stm32f1xx_hal_i2c.o
 .debug_abbrev  0x0000000000001800      0x3ce ./Drivers/STM32F1xx_HAL_Driver/Src/stm32f1xx_hal_pcd.o
 .debug_abbrev  0x0000000000001bce      0x1c8 ./Drivers/STM32F1xx_HAL_Driver/Src/stm32f1xx_hal_pcd_ex.o
 .debug_abbrev  0x0000000000001d96      0x2f5 ./Drivers/STM32F1xx_HAL_Driver/Src/stm32f1xx_hal_rcc.o
 .debug_abbrev  0x000000000000208b      0x1d3 ./Drivers/STM32F1xx_HAL_Driver/Src/stm32f1xx_hal_rcc_ex.o
 .debug_abbrev  0x000000000000225e      0x375 ./Drivers/STM32F1xx_HAL_Driver/Src/stm32f1xx_hal_tim.o
 .debug_abbrev  0x00000000000025d3      0x2d1 ./Drivers/STM32F1xx_HAL_Driver/Src/stm32f1xx_hal_tim_ex.o
 .debug_abbrev  0x00000000000028a4      0x297 ./Drivers/STM32F1xx_HAL_Driver/Src/stm32f1xx_ll_usb.o
 .debug_abbrev  0x0000000000002b3b      0x2a2 ./Middlewares/ST/STM32_USB_Device_Library/Class/HID/Src/usbd_hid.o
 .debug_abbrev  0x0000000000002ddd      0x300 ./Middlewares/ST/STM32_USB_Device_Library/Core/Src/usbd_core.o
 .debug_abbrev  0x00000000000030dd      0x38e ./Middlewares/ST/STM32_USB_Device_Library/Core/Src/usbd_ctlreq.o
 .debug_abbrev  0x000000000000346b      0x1ae ./Middlewares/ST/STM32_USB_Device_Library/Core/Src/usbd_ioreq.o
 .debug_abbrev  0x0000000000003619      0x1ac ./USB_DEVICE/App/usb_device.o
 .debug_abbrev  0x00000000000037c5      0x2ca ./USB_DEVICE/App/usbd_desc.o
 .debug_abbrev  0x0000000000003a8f      0x352 ./USB_DEVICE/Target/usbd_conf.o

.debug_loc      0x0000000000000000    0x10110
 .debug_loc     0x0000000000000000       0x7f ./Core/Src/main.o
 .debug_loc     0x000000000000007f       0xfa ./Core/Src/stm32f1xx_hal_msp.o
 .debug_loc     0x0000000000000179       0xe7 ./Core/Src/system_stm32f1xx.o
 .debug_loc     0x0000000000000260      0x139 ./Drivers/STM32F1xx_HAL_Driver/Src/stm32f1xx_hal.o
 .debug_loc     0x0000000000000399      0x9d8 ./Drivers/STM32F1xx_HAL_Driver/Src/stm32f1xx_hal_adc.o
 .debug_loc     0x0000000000000d71      0x4c5 ./Drivers/STM32F1xx_HAL_Driver/Src/stm32f1xx_hal_cortex.o
 .debug_loc     0x0000000000001236      0x3fd ./Drivers/STM32F1xx_HAL_Driver/Src/stm32f1xx_hal_gpio.o
 .debug_loc     0x0000000000001633     0x385b ./Drivers/STM32F1xx_HAL_Driver/Src/stm32f1xx_hal_i2c.o
 .debug_loc     0x0000000000004e8e     0x1275 ./Drivers/STM32F1xx_HAL_Driver/Src/stm32f1xx_hal_pcd.o
 .debug_loc     0x0000000000006103       0xae ./Drivers/STM32F1xx_HAL_Driver/Src/stm32f1xx_hal_pcd_ex.o
 .debug_loc     0x00000000000061b1      0x5f1 ./Drivers/STM32F1xx_HAL_Driver/Src/stm32f1xx_hal_rcc.o
 .debug_loc     0x00000000000067a2      0x38c ./Drivers/STM32F1xx_HAL_Driver/Src/stm32f1xx_hal_rcc_ex.o
 .debug_loc     0x0000000000006b2e     0x420f ./Drivers/STM32F1xx_HAL_Driver/Src/stm32f1xx_hal_tim.o
 .debug_loc     0x000000000000ad3d     0x1198 ./Drivers/STM32F1xx_HAL_Driver/Src/stm32f1xx_hal_tim_ex.o
 .debug_loc     0x000000000000bed5     0x1af3 ./Drivers/STM32F1xx_HAL_Driver/Src/stm32f1xx_ll_usb.o
 .debug_loc     0x000000000000d9c8      0x52d ./Middlewares/ST/STM32_USB_Device_Library/Class/HID/Src/usbd_hid.o
 .debug_loc     0x000000000000def5      0x7dd ./Middlewares/ST/STM32_USB_Device_Library/Core/Src/usbd_core.o
 .debug_loc     0x000000000000e6d2      0xae2 ./Middlewares/ST/STM32_USB_Device_Library/Core/Src/usbd_ctlreq.o
 .debug_loc     0x000000000000f1b4      0x284 ./Middlewares/ST/STM32_USB_Device_Library/Core/Src/usbd_ioreq.o
 .debug_loc     0x000000000000f438      0x373 ./USB_DEVICE/App/usbd_desc.o
 .debug_loc     0x000000000000f7ab      0x965 ./USB_DEVICE/Target/usbd_conf.o

.debug_aranges  0x0000000000000000      0xef0
 .debug_aranges
                0x0000000000000000       0x48 ./Core/Src/main.o
 .debug_aranges
                0x0000000000000048       0x58 ./Core/Src/stm32f1xx_hal_msp.o
 .debug_aranges
                0x00000000000000a0       0x58 ./Core/Src/stm32f1xx_it.o
 .debug_aranges
                0x00000000000000f8       0x28 ./Core/Src/system_stm32f1xx.o
 .debug_aranges
                0x0000000000000120       0x28 ./Core/Startup/startup_stm32f103c6tx.o
 .debug_aranges
                0x0000000000000148       0xd8 ./Drivers/STM32F1xx_HAL_Driver/Src/stm32f1xx_hal.o
 .debug_aranges
                0x0000000000000220       0xc8 ./Drivers/STM32F1xx_HAL_Driver/Src/stm32f1xx_hal_adc.o
 .debug_aranges
                0x00000000000002e8       0x90 ./Drivers/STM32F1xx_HAL_Driver/Src/stm32f1xx_hal_cortex.o
 .debug_aranges
                0x0000000000000378       0x58 ./Drivers/STM32F1xx_HAL_Driver/Src/stm32f1xx_hal_gpio.o
 .debug_aranges
                0x00000000000003d0      0x1b8 ./Drivers/STM32F1xx_HAL_Driver/Src/stm32f1xx_hal_i2c.o
 .debug_aranges
                0x0000000000000588       0xc8 ./Drivers/STM32F1xx_HAL_Driver/Src/stm32f1xx_hal_pcd.o
 .debug_aranges
                0x0000000000000650       0x28 ./Drivers/STM32F1xx_HAL_Driver/Src/stm32f1xx_hal_pcd_ex.o
 .debug_aranges
                0x0000000000000678       0x88 ./Drivers/STM32F1xx_HAL_Driver/Src/stm32f1xx_hal_rcc.o
 .debug_aranges
                0x0000000000000700       0x30 ./Drivers/STM32F1xx_HAL_Driver/Src/stm32f1xx_hal_rcc_ex.o
 .debug_aranges
                0x0000000000000730      0x298 ./Drivers/STM32F1xx_HAL_Driver/Src/stm32f1xx_hal_tim.o
 .debug_aranges
                0x00000000000009c8      0x118 ./Drivers/STM32F1xx_HAL_Driver/Src/stm32f1xx_hal_tim_ex.o
 .debug_aranges
                0x0000000000000ae0       0xd0 ./Drivers/STM32F1xx_HAL_Driver/Src/stm32f1xx_ll_usb.o
 .debug_aranges
                0x0000000000000bb0       0x68 ./Middlewares/ST/STM32_USB_Device_Library/Class/HID/Src/usbd_hid.o
 .debug_aranges
                0x0000000000000c18       0xa8 ./Middlewares/ST/STM32_USB_Device_Library/Core/Src/usbd_core.o
 .debug_aranges
                0x0000000000000cc0       0x50 ./Middlewares/ST/STM32_USB_Device_Library/Core/Src/usbd_ctlreq.o
 .debug_aranges
                0x0000000000000d10       0x50 ./Middlewares/ST/STM32_USB_Device_Library/Core/Src/usbd_ioreq.o
 .debug_aranges
                0x0000000000000d60       0x20 ./USB_DEVICE/App/usb_device.o
 .debug_aranges
                0x0000000000000d80       0x58 ./USB_DEVICE/App/usbd_desc.o
 .debug_aranges
                0x0000000000000dd8      0x118 ./USB_DEVICE/Target/usbd_conf.o

.debug_ranges   0x0000000000000000     0x1c00
 .debug_ranges  0x0000000000000000      0x210 ./Core/Src/main.o
 .debug_ranges  0x0000000000000210       0xe0 ./Core/Src/stm32f1xx_hal_msp.o
 .debug_ranges  0x00000000000002f0       0x48 ./Core/Src/stm32f1xx_it.o
 .debug_ranges  0x0000000000000338       0x18 ./Core/Src/system_stm32f1xx.o
 .debug_ranges  0x0000000000000350       0x20 ./Core/Startup/startup_stm32f103c6tx.o
 .debug_ranges  0x0000000000000370       0xc8 ./Drivers/STM32F1xx_HAL_Driver/Src/stm32f1xx_hal.o
 .debug_ranges  0x0000000000000438       0xb8 ./Drivers/STM32F1xx_HAL_Driver/Src/stm32f1xx_hal_adc.o
 .debug_ranges  0x00000000000004f0      0x148 ./Drivers/STM32F1xx_HAL_Driver/Src/stm32f1xx_hal_cortex.o
 .debug_ranges  0x0000000000000638       0x68 ./Drivers/STM32F1xx_HAL_Driver/Src/stm32f1xx_hal_gpio.o
 .debug_ranges  0x00000000000006a0      0x510 ./Drivers/STM32F1xx_HAL_Driver/Src/stm32f1xx_hal_i2c.o
 .debug_ranges  0x0000000000000bb0      0x240 ./Drivers/STM32F1xx_HAL_Driver/Src/stm32f1xx_hal_pcd.o
 .debug_ranges  0x0000000000000df0       0x18 ./Drivers/STM32F1xx_HAL_Driver/Src/stm32f1xx_hal_pcd_ex.o
 .debug_ranges  0x0000000000000e08       0xc0 ./Drivers/STM32F1xx_HAL_Driver/Src/stm32f1xx_hal_rcc.o
 .debug_ranges  0x0000000000000ec8       0x58 ./Drivers/STM32F1xx_HAL_Driver/Src/stm32f1xx_hal_rcc_ex.o
 .debug_ranges  0x0000000000000f20      0x350 ./Drivers/STM32F1xx_HAL_Driver/Src/stm32f1xx_hal_tim.o
 .debug_ranges  0x0000000000001270      0x108 ./Drivers/STM32F1xx_HAL_Driver/Src/stm32f1xx_hal_tim_ex.o
 .debug_ranges  0x0000000000001378      0x4c8 ./Drivers/STM32F1xx_HAL_Driver/Src/stm32f1xx_ll_usb.o
 .debug_ranges  0x0000000000001840       0x58 ./Middlewares/ST/STM32_USB_Device_Library/Class/HID/Src/usbd_hid.o
 .debug_ranges  0x0000000000001898       0x98 ./Middlewares/ST/STM32_USB_Device_Library/Core/Src/usbd_core.o
 .debug_ranges  0x0000000000001930       0xc0 ./Middlewares/ST/STM32_USB_Device_Library/Core/Src/usbd_ctlreq.o
 .debug_ranges  0x00000000000019f0       0x40 ./Middlewares/ST/STM32_USB_Device_Library/Core/Src/usbd_ioreq.o
 .debug_ranges  0x0000000000001a30       0x10 ./USB_DEVICE/App/usb_device.o
 .debug_ranges  0x0000000000001a40       0x90 ./USB_DEVICE/App/usbd_desc.o
 .debug_ranges  0x0000000000001ad0      0x130 ./USB_DEVICE/Target/usbd_conf.o

.debug_macro    0x0000000000000000    0x1a067
 .debug_macro   0x0000000000000000      0x40a ./Core/Src/main.o
 .debug_macro   0x000000000000040a      0x227 ./Core/Src/main.o
 .debug_macro   0x0000000000000631       0x2e ./Core/Src/main.o
 .debug_macro   0x000000000000065f       0x22 ./Core/Src/main.o
 .debug_macro   0x0000000000000681       0x22 ./Core/Src/main.o
 .debug_macro   0x00000000000006a3       0x8e ./Core/Src/main.o
 .debug_macro   0x0000000000000731       0x51 ./Core/Src/main.o
 .debug_macro   0x0000000000000782      0x103 ./Core/Src/main.o
 .debug_macro   0x0000000000000885       0x6a ./Core/Src/main.o
 .debug_macro   0x00000000000008ef      0x1df ./Core/Src/main.o
 .debug_macro   0x0000000000000ace       0x1c ./Core/Src/main.o
 .debug_macro   0x0000000000000aea       0x22 ./Core/Src/main.o
 .debug_macro   0x0000000000000b0c       0xbd ./Core/Src/main.o
 .debug_macro   0x0000000000000bc9      0xd23 ./Core/Src/main.o
 .debug_macro   0x00000000000018ec     0xde75 ./Core/Src/main.o
 .debug_macro   0x000000000000f761       0x6d ./Core/Src/main.o
 .debug_macro   0x000000000000f7ce     0x3468 ./Core/Src/main.o
 .debug_macro   0x0000000000012c36      0x174 ./Core/Src/main.o
 .debug_macro   0x0000000000012daa       0x5c ./Core/Src/main.o
 .debug_macro   0x0000000000012e06      0x5be ./Core/Src/main.o
 .debug_macro   0x00000000000133c4      0x1b7 ./Core/Src/main.o
 .debug_macro   0x000000000001357b      0x1cb ./Core/Src/main.o
 .debug_macro   0x0000000000013746      0x114 ./Core/Src/main.o
 .debug_macro   0x000000000001385a      0x1b2 ./Core/Src/main.o
 .debug_macro   0x0000000000013a0c       0x27 ./Core/Src/main.o
 .debug_macro   0x0000000000013a33      0x12f ./Core/Src/main.o
 .debug_macro   0x0000000000013b62      0x1bc ./Core/Src/main.o
 .debug_macro   0x0000000000013d1e       0x34 ./Core/Src/main.o
 .debug_macro   0x0000000000013d52       0x3c ./Core/Src/main.o
 .debug_macro   0x0000000000013d8e       0x57 ./Core/Src/main.o
 .debug_macro   0x0000000000013de5      0x46a ./Core/Src/main.o
 .debug_macro   0x000000000001424f      0x1b5 ./Core/Src/main.o
 .debug_macro   0x0000000000014404       0x88 ./Core/Src/main.o
 .debug_macro   0x000000000001448c      0x183 ./Core/Src/main.o
 .debug_macro   0x000000000001460f      0x287 ./Core/Src/main.o
 .debug_macro   0x0000000000014896      0x141 ./Core/Src/main.o
 .debug_macro   0x00000000000149d7      0x8d1 ./Core/Src/main.o
 .debug_macro   0x00000000000152a8       0x65 ./Core/Src/main.o
 .debug_macro   0x000000000001530d      0x249 ./Core/Src/main.o
 .debug_macro   0x0000000000015556       0x69 ./Core/Src/main.o
 .debug_macro   0x00000000000155bf       0x52 ./Core/Src/main.o
 .debug_macro   0x0000000000015611       0x18 ./Core/Src/main.o
 .debug_macro   0x0000000000015629       0x3c ./Core/Src/main.o
 .debug_macro   0x0000000000015665       0x34 ./Core/Src/main.o
 .debug_macro   0x0000000000015699       0x16 ./Core/Src/main.o
 .debug_macro   0x00000000000156af       0x35 ./Core/Src/main.o
 .debug_macro   0x00000000000156e4      0x341 ./Core/Src/main.o
 .debug_macro   0x0000000000015a25       0x10 ./Core/Src/main.o
 .debug_macro   0x0000000000015a35       0x16 ./Core/Src/main.o
 .debug_macro   0x0000000000015a4b       0x43 ./Core/Src/main.o
 .debug_macro   0x0000000000015a8e       0x34 ./Core/Src/main.o
 .debug_macro   0x0000000000015ac2       0x10 ./Core/Src/main.o
 .debug_macro   0x0000000000015ad2       0x58 ./Core/Src/main.o
 .debug_macro   0x0000000000015b2a       0x71 ./Core/Src/main.o
 .debug_macro   0x0000000000015b9b       0x1c ./Core/Src/main.o
 .debug_macro   0x0000000000015bb7      0x12a ./Core/Src/main.o
 .debug_macro   0x0000000000015ce1       0x10 ./Core/Src/main.o
 .debug_macro   0x0000000000015cf1       0x1c ./Core/Src/main.o
 .debug_macro   0x0000000000015d0d       0x52 ./Core/Src/main.o
 .debug_macro   0x0000000000015d5f       0x22 ./Core/Src/main.o
 .debug_macro   0x0000000000015d81       0x10 ./Core/Src/main.o
 .debug_macro   0x0000000000015d91       0x52 ./Core/Src/main.o
 .debug_macro   0x0000000000015de3       0xd5 ./Core/Src/main.o
 .debug_macro   0x0000000000015eb8       0x1c ./Core/Src/main.o
 .debug_macro   0x0000000000015ed4       0x3d ./Core/Src/main.o
 .debug_macro   0x0000000000015f11       0x16 ./Core/Src/main.o
 .debug_macro   0x0000000000015f27      0x145 ./Core/Src/main.o
 .debug_macro   0x000000000001606c       0x16 ./Core/Src/main.o
 .debug_macro   0x0000000000016082       0x16 ./Core/Src/main.o
 .debug_macro   0x0000000000016098       0x29 ./Core/Src/main.o
 .debug_macro   0x00000000000160c1       0x16 ./Core/Src/main.o
 .debug_macro   0x00000000000160d7       0x20 ./Core/Src/main.o
 .debug_macro   0x00000000000160f7       0x5f ./Core/Src/main.o
 .debug_macro   0x0000000000016156      0x1c8 ./Core/Src/main.o
 .debug_macro   0x000000000001631e       0x5e ./Core/Src/main.o
 .debug_macro   0x000000000001637c      0x1e4 ./Core/Src/stm32f1xx_hal_msp.o
 .debug_macro   0x0000000000016560      0x1ee ./Core/Src/stm32f1xx_it.o
 .debug_macro   0x000000000001674e      0x1da ./Core/Src/system_stm32f1xx.o
 .debug_macro   0x0000000000016928      0x1fe ./Drivers/STM32F1xx_HAL_Driver/Src/stm32f1xx_hal.o
 .debug_macro   0x0000000000016b26      0x1f7 ./Drivers/STM32F1xx_HAL_Driver/Src/stm32f1xx_hal_adc.o
 .debug_macro   0x0000000000016d1d      0x1da ./Drivers/STM32F1xx_HAL_Driver/Src/stm32f1xx_hal_cortex.o
 .debug_macro   0x0000000000016ef7      0x245 ./Drivers/STM32F1xx_HAL_Driver/Src/stm32f1xx_hal_gpio.o
 .debug_macro   0x000000000001713c      0x221 ./Drivers/STM32F1xx_HAL_Driver/Src/stm32f1xx_hal_i2c.o
 .debug_macro   0x000000000001735d      0x1e6 ./Drivers/STM32F1xx_HAL_Driver/Src/stm32f1xx_hal_pcd.o
 .debug_macro   0x0000000000017543      0x1da ./Drivers/STM32F1xx_HAL_Driver/Src/stm32f1xx_hal_pcd_ex.o
 .debug_macro   0x000000000001771d      0x1ec ./Drivers/STM32F1xx_HAL_Driver/Src/stm32f1xx_hal_rcc.o
 .debug_macro   0x0000000000017909      0x1da ./Drivers/STM32F1xx_HAL_Driver/Src/stm32f1xx_hal_rcc_ex.o
 .debug_macro   0x0000000000017ae3      0x1db ./Drivers/STM32F1xx_HAL_Driver/Src/stm32f1xx_hal_tim.o
 .debug_macro   0x0000000000017cbe      0x1da ./Drivers/STM32F1xx_HAL_Driver/Src/stm32f1xx_hal_tim_ex.o
 .debug_macro   0x0000000000017e98      0x1da ./Drivers/STM32F1xx_HAL_Driver/Src/stm32f1xx_ll_usb.o
 .debug_macro   0x0000000000018072      0x403 ./Middlewares/ST/STM32_USB_Device_Library/Class/HID/Src/usbd_hid.o
 .debug_macro   0x0000000000018475       0x97 ./Middlewares/ST/STM32_USB_Device_Library/Class/HID/Src/usbd_hid.o
 .debug_macro   0x000000000001850c       0xfd ./Middlewares/ST/STM32_USB_Device_Library/Class/HID/Src/usbd_hid.o
 .debug_macro   0x0000000000018609       0x56 ./Middlewares/ST/STM32_USB_Device_Library/Class/HID/Src/usbd_hid.o
 .debug_macro   0x000000000001865f       0x10 ./Middlewares/ST/STM32_USB_Device_Library/Class/HID/Src/usbd_hid.o
 .debug_macro   0x000000000001866f      0x3e1 ./Middlewares/ST/STM32_USB_Device_Library/Core/Src/usbd_core.o
 .debug_macro   0x0000000000018a50      0x1ce ./Middlewares/ST/STM32_USB_Device_Library/Core/Src/usbd_core.o
 .debug_macro   0x0000000000018c1e      0x3eb ./Middlewares/ST/STM32_USB_Device_Library/Core/Src/usbd_ctlreq.o
 .debug_macro   0x0000000000019009      0x3e7 ./Middlewares/ST/STM32_USB_Device_Library/Core/Src/usbd_ioreq.o
 .debug_macro   0x00000000000193f0      0x417 ./USB_DEVICE/App/usb_device.o
 .debug_macro   0x0000000000019807       0x22 ./USB_DEVICE/App/usb_device.o
 .debug_macro   0x0000000000019829      0x41e ./USB_DEVICE/App/usbd_desc.o
 .debug_macro   0x0000000000019c47       0x1c ./USB_DEVICE/App/usbd_desc.o
 .debug_macro   0x0000000000019c63      0x404 ./USB_DEVICE/Target/usbd_conf.o

.debug_line     0x0000000000000000    0x1c854
 .debug_line    0x0000000000000000      0xf17 ./Core/Src/main.o
 .debug_line    0x0000000000000f17      0x8cc ./Core/Src/stm32f1xx_hal_msp.o
 .debug_line    0x00000000000017e3      0x7db ./Core/Src/stm32f1xx_it.o
 .debug_line    0x0000000000001fbe      0x780 ./Core/Src/system_stm32f1xx.o
 .debug_line    0x000000000000273e       0x87 ./Core/Startup/startup_stm32f103c6tx.o
 .debug_line    0x00000000000027c5      0xa19 ./Drivers/STM32F1xx_HAL_Driver/Src/stm32f1xx_hal.o
 .debug_line    0x00000000000031de     0x13bb ./Drivers/STM32F1xx_HAL_Driver/Src/stm32f1xx_hal_adc.o
 .debug_line    0x0000000000004599      0xbba ./Drivers/STM32F1xx_HAL_Driver/Src/stm32f1xx_hal_cortex.o
 .debug_line    0x0000000000005153      0xab8 ./Drivers/STM32F1xx_HAL_Driver/Src/stm32f1xx_hal_gpio.o
 .debug_line    0x0000000000005c0b     0x5dcf ./Drivers/STM32F1xx_HAL_Driver/Src/stm32f1xx_hal_i2c.o
 .debug_line    0x000000000000b9da     0x17b7 ./Drivers/STM32F1xx_HAL_Driver/Src/stm32f1xx_hal_pcd.o
 .debug_line    0x000000000000d191      0x76e ./Drivers/STM32F1xx_HAL_Driver/Src/stm32f1xx_hal_pcd_ex.o
 .debug_line    0x000000000000d8ff     0x10f7 ./Drivers/STM32F1xx_HAL_Driver/Src/stm32f1xx_hal_rcc.o
 .debug_line    0x000000000000e9f6      0x9ae ./Drivers/STM32F1xx_HAL_Driver/Src/stm32f1xx_hal_rcc_ex.o
 .debug_line    0x000000000000f3a4     0x44e8 ./Drivers/STM32F1xx_HAL_Driver/Src/stm32f1xx_hal_tim.o
 .debug_line    0x000000000001388c     0x1995 ./Drivers/STM32F1xx_HAL_Driver/Src/stm32f1xx_hal_tim_ex.o
 .debug_line    0x0000000000015221     0x1be1 ./Drivers/STM32F1xx_HAL_Driver/Src/stm32f1xx_ll_usb.o
 .debug_line    0x0000000000016e02      0xcb0 ./Middlewares/ST/STM32_USB_Device_Library/Class/HID/Src/usbd_hid.o
 .debug_line    0x0000000000017ab2      0xead ./Middlewares/ST/STM32_USB_Device_Library/Core/Src/usbd_core.o
 .debug_line    0x000000000001895f      0xfd0 ./Middlewares/ST/STM32_USB_Device_Library/Core/Src/usbd_ctlreq.o
 .debug_line    0x000000000001992f      0xad5 ./Middlewares/ST/STM32_USB_Device_Library/Core/Src/usbd_ioreq.o
 .debug_line    0x000000000001a404      0xa55 ./USB_DEVICE/App/usb_device.o
 .debug_line    0x000000000001ae59      0xb89 ./USB_DEVICE/App/usbd_desc.o
 .debug_line    0x000000000001b9e2      0xe72 ./USB_DEVICE/Target/usbd_conf.o

.debug_str      0x0000000000000000    0x91c24
 .debug_str     0x0000000000000000    0x8d5c8 ./Core/Src/main.o
                                      0x8db05 (size before relaxing)
 .debug_str     0x000000000008d5c8       0xbd ./Core/Src/stm32f1xx_hal_msp.o
                                      0x888c5 (size before relaxing)
 .debug_str     0x000000000008d685      0x3c7 ./Core/Src/stm32f1xx_it.o
                                      0x8832e (size before relaxing)
 .debug_str     0x000000000008da4c       0x7e ./Core/Src/system_stm32f1xx.o
                                      0x87f85 (size before relaxing)
 .debug_str     0x000000000008daca       0x36 ./Core/Startup/startup_stm32f103c6tx.o
                                         0x72 (size before relaxing)
 .debug_str     0x000000000008db00      0x5cd ./Drivers/STM32F1xx_HAL_Driver/Src/stm32f1xx_hal.o
                                      0x8867e (size before relaxing)
 .debug_str     0x000000000008e0cd      0x345 ./Drivers/STM32F1xx_HAL_Driver/Src/stm32f1xx_hal_adc.o
                                      0x88662 (size before relaxing)
 .debug_str     0x000000000008e412      0x293 ./Drivers/STM32F1xx_HAL_Driver/Src/stm32f1xx_hal_cortex.o
                                      0x885ca (size before relaxing)
 .debug_str     0x000000000008e6a5      0x30a ./Drivers/STM32F1xx_HAL_Driver/Src/stm32f1xx_hal_gpio.o
                                      0x8830b (size before relaxing)
 .debug_str     0x000000000008e9af      0xb25 ./Drivers/STM32F1xx_HAL_Driver/Src/stm32f1xx_hal_i2c.o
                                      0x88ff9 (size before relaxing)
 .debug_str     0x000000000008f4d4      0x573 ./Drivers/STM32F1xx_HAL_Driver/Src/stm32f1xx_hal_pcd.o
                                      0x8885d (size before relaxing)
 .debug_str     0x000000000008fa47      0x170 ./Drivers/STM32F1xx_HAL_Driver/Src/stm32f1xx_hal_pcd_ex.o
                                      0x883f9 (size before relaxing)
 .debug_str     0x000000000008fbb7      0x209 ./Drivers/STM32F1xx_HAL_Driver/Src/stm32f1xx_hal_rcc.o
                                      0x883b4 (size before relaxing)
 .debug_str     0x000000000008fdc0       0x84 ./Drivers/STM32F1xx_HAL_Driver/Src/stm32f1xx_hal_rcc_ex.o
                                      0x88104 (size before relaxing)
 .debug_str     0x000000000008fe44      0xde2 ./Drivers/STM32F1xx_HAL_Driver/Src/stm32f1xx_hal_tim.o
                                      0x8939f (size before relaxing)
 .debug_str     0x0000000000090c26      0x493 ./Drivers/STM32F1xx_HAL_Driver/Src/stm32f1xx_hal_tim_ex.o
                                      0x88bbb (size before relaxing)
 .debug_str     0x00000000000910b9      0x123 ./Drivers/STM32F1xx_HAL_Driver/Src/stm32f1xx_ll_usb.o
                                      0x8842c (size before relaxing)
 .debug_str     0x00000000000911dc      0x2cc ./Middlewares/ST/STM32_USB_Device_Library/Class/HID/Src/usbd_hid.o
                                      0x8cf81 (size before relaxing)
 .debug_str     0x00000000000914a8      0x298 ./Middlewares/ST/STM32_USB_Device_Library/Core/Src/usbd_core.o
                                      0x8cdd7 (size before relaxing)
 .debug_str     0x0000000000091740      0x11b ./Middlewares/ST/STM32_USB_Device_Library/Core/Src/usbd_ctlreq.o
                                      0x8ccf1 (size before relaxing)
 .debug_str     0x000000000009185b       0x79 ./Middlewares/ST/STM32_USB_Device_Library/Core/Src/usbd_ioreq.o
                                      0x8cc1e (size before relaxing)
 .debug_str     0x00000000000918d4       0xa2 ./USB_DEVICE/App/usb_device.o
                                      0x8cd93 (size before relaxing)
 .debug_str     0x0000000000091976      0x241 ./USB_DEVICE/App/usbd_desc.o
                                      0x8cb43 (size before relaxing)
 .debug_str     0x0000000000091bb7       0x6d ./USB_DEVICE/Target/usbd_conf.o
                                      0x8d88c (size before relaxing)

.comment        0x0000000000000000       0x50
 .comment       0x0000000000000000       0x50 ./Core/Src/main.o
                                         0x51 (size before relaxing)
 .comment       0x0000000000000050       0x51 ./Core/Src/stm32f1xx_hal_msp.o
 .comment       0x0000000000000050       0x51 ./Core/Src/stm32f1xx_it.o
 .comment       0x0000000000000050       0x51 ./Core/Src/system_stm32f1xx.o
 .comment       0x0000000000000050       0x51 ./Drivers/STM32F1xx_HAL_Driver/Src/stm32f1xx_hal.o
 .comment       0x0000000000000050       0x51 ./Drivers/STM32F1xx_HAL_Driver/Src/stm32f1xx_hal_adc.o
 .comment       0x0000000000000050       0x51 ./Drivers/STM32F1xx_HAL_Driver/Src/stm32f1xx_hal_cortex.o
 .comment       0x0000000000000050       0x51 ./Drivers/STM32F1xx_HAL_Driver/Src/stm32f1xx_hal_gpio.o
 .comment       0x0000000000000050       0x51 ./Drivers/STM32F1xx_HAL_Driver/Src/stm32f1xx_hal_i2c.o
 .comment       0x0000000000000050       0x51 ./Drivers/STM32F1xx_HAL_Driver/Src/stm32f1xx_hal_pcd.o
 .comment       0x0000000000000050       0x51 ./Drivers/STM32F1xx_HAL_Driver/Src/stm32f1xx_hal_pcd_ex.o
 .comment       0x0000000000000050       0x51 ./Drivers/STM32F1xx_HAL_Driver/Src/stm32f1xx_hal_rcc.o
 .comment       0x0000000000000050       0x51 ./Drivers/STM32F1xx_HAL_Driver/Src/stm32f1xx_hal_rcc_ex.o
 .comment       0x0000000000000050       0x51 ./Drivers/STM32F1xx_HAL_Driver/Src/stm32f1xx_hal_tim.o
 .comment       0x0000000000000050       0x51 ./Drivers/STM32F1xx_HAL_Driver/Src/stm32f1xx_hal_tim_ex.o
 .comment       0x0000000000000050       0x51 ./Drivers/STM32F1xx_HAL_Driver/Src/stm32f1xx_ll_usb.o
 .comment       0x0000000000000050       0x51 ./Middlewares/ST/STM32_USB_Device_Library/Class/HID/Src/usbd_hid.o
 .comment       0x0000000000000050       0x51 ./Middlewares/ST/STM32_USB_Device_Library/Core/Src/usbd_core.o
 .comment       0x0000000000000050       0x51 ./Middlewares/ST/STM32_USB_Device_Library/Core/Src/usbd_ctlreq.o
 .comment       0x0000000000000050       0x51 ./Middlewares/ST/STM32_USB_Device_Library/Core/Src/usbd_ioreq.o
 .comment       0x0000000000000050       0x51 ./USB_DEVICE/App/usb_device.o
 .comment       0x0000000000000050       0x51 ./USB_DEVICE/App/usbd_desc.o
 .comment       0x0000000000000050       0x51 ./USB_DEVICE/Target/usbd_conf.o

.debug_frame    0x0000000000000000     0x2d0c
 .debug_frame   0x0000000000000000       0xb4 ./Core/Src/main.o
 .debug_frame   0x00000000000000b4       0xe0 ./Core/Src/stm32f1xx_hal_msp.o
 .debug_frame   0x0000000000000194       0xb0 ./Core/Src/stm32f1xx_it.o
 .debug_frame   0x0000000000000244       0x30 ./Core/Src/system_stm32f1xx.o
 .debug_frame   0x0000000000000274      0x1d4 ./Drivers/STM32F1xx_HAL_Driver/Src/stm32f1xx_hal.o
 .debug_frame   0x0000000000000448      0x298 ./Drivers/STM32F1xx_HAL_Driver/Src/stm32f1xx_hal_adc.o
 .debug_frame   0x00000000000006e0      0x120 ./Drivers/STM32F1xx_HAL_Driver/Src/stm32f1xx_hal_cortex.o
 .debug_frame   0x0000000000000800       0xd8 ./Drivers/STM32F1xx_HAL_Driver/Src/stm32f1xx_hal_gpio.o
 .debug_frame   0x00000000000008d8      0x758 ./Drivers/STM32F1xx_HAL_Driver/Src/stm32f1xx_hal_i2c.o
 .debug_frame   0x0000000000001030      0x2d8 ./Drivers/STM32F1xx_HAL_Driver/Src/stm32f1xx_hal_pcd.o
 .debug_frame   0x0000000000001308       0x58 ./Drivers/STM32F1xx_HAL_Driver/Src/stm32f1xx_hal_pcd_ex.o
 .debug_frame   0x0000000000001360      0x150 ./Drivers/STM32F1xx_HAL_Driver/Src/stm32f1xx_hal_rcc.o
 .debug_frame   0x00000000000014b0       0x70 ./Drivers/STM32F1xx_HAL_Driver/Src/stm32f1xx_hal_rcc_ex.o
 .debug_frame   0x0000000000001520      0x9e8 ./Drivers/STM32F1xx_HAL_Driver/Src/stm32f1xx_hal_tim.o
 .debug_frame   0x0000000000001f08      0x3d4 ./Drivers/STM32F1xx_HAL_Driver/Src/stm32f1xx_hal_tim_ex.o
 .debug_frame   0x00000000000022dc      0x20c ./Drivers/STM32F1xx_HAL_Driver/Src/stm32f1xx_ll_usb.o
 .debug_frame   0x00000000000024e8       0xdc ./Middlewares/ST/STM32_USB_Device_Library/Class/HID/Src/usbd_hid.o
 .debug_frame   0x00000000000025c4      0x1c8 ./Middlewares/ST/STM32_USB_Device_Library/Core/Src/usbd_core.o
 .debug_frame   0x000000000000278c       0xcc ./Middlewares/ST/STM32_USB_Device_Library/Core/Src/usbd_ctlreq.o
 .debug_frame   0x0000000000002858       0xb0 ./Middlewares/ST/STM32_USB_Device_Library/Core/Src/usbd_ioreq.o
 .debug_frame   0x0000000000002908       0x30 ./USB_DEVICE/App/usb_device.o
 .debug_frame   0x0000000000002938       0xc4 ./USB_DEVICE/App/usbd_desc.o
 .debug_frame   0x00000000000029fc      0x2c4 ./USB_DEVICE/Target/usbd_conf.o
 .debug_frame   0x0000000000002cc0       0x2c e:/st/stm32cubeide_1.11.0/stm32cubeide/plugins/com.st.stm32cube.ide.mcu.externaltools.gnu-tools-for-stm32.10.3-2021.10.win32_1.0.100.202210260954/tools/bin/../lib/gcc/arm-none-eabi/10.3.1/../../../../arm-none-eabi/lib/thumb/v7-m/nofp\libc_nano.a(lib_a-init.o)
 .debug_frame   0x0000000000002cec       0x20 e:/st/stm32cubeide_1.11.0/stm32cubeide/plugins/com.st.stm32cube.ide.mcu.externaltools.gnu-tools-for-stm32.10.3-2021.10.win32_1.0.100.202210260954/tools/bin/../lib/gcc/arm-none-eabi/10.3.1/../../../../arm-none-eabi/lib/thumb/v7-m/nofp\libc_nano.a(lib_a-memset.o)
