../Core/Src/stm32f1xx_hal_msp.c:65:6:HAL_MspInit	8	static
../Core/Src/stm32f1xx_hal_msp.c:87:6:HAL_ADC_MspInit	32	static
../Core/Src/stm32f1xx_hal_msp.c:121:6:HAL_ADC_MspDeInit	0	static
../Core/Src/stm32f1xx_hal_msp.c:151:6:HAL_I2C_MspInit	32	static
../Core/Src/stm32f1xx_hal_msp.c:186:6:HAL_I2C_MspDeInit	8	static
../Core/Src/stm32f1xx_hal_msp.c:217:6:HAL_TIM_PWM_MspInit	8	static
../Core/Src/stm32f1xx_hal_msp.c:233:6:HAL_TIM_MspPostInit	32	static
../Core/Src/stm32f1xx_hal_msp.c:263:6:HAL_TIM_PWM_MspDeInit	0	static
